{"logTime": "1024/095441", "correlationVector":"Y4BIBj2KpKN9M+UPKcXTQI.2","action":"Commit Response", "result":"Success", "context":Result: Success. cV=Y4BIBj2KpKN9M+UPKcXTQI.0;server=akswtt020000020;cloudType=Consumer;environment=Prod_southindia_prod-s01-004-apac-southindia;migrationStage=NotStarted}
{"logTime": "1024/095520", "correlationVector":"Y6YQV7Cdm6++4U68oRkDup","action":"Commit Request", "result":"", "context":Item count: 1
Contributing types: Device Info}
{"logTime": "1024/095521", "correlationVector":"Y6YQV7Cdm6++4U68oRkDup.1","action":"SyncServerConnectionManagerRequest", "result":"SYNC_SERVER_OK", "context":{"environment":"Prod_southindia_prod-s01-004-apac-southindia", "migrationStage":"NotStarted", "server":"akswtt02000000p"}}
{"logTime": "1024/095521", "correlationVector":"Y6YQV7Cdm6++4U68oRkDup.2","action":"Commit Response", "result":"Success", "context":Result: Success. cV=Y6YQV7Cdm6++4U68oRkDup.0;server=akswtt02000000p;cloudType=Consumer;environment=Prod_southindia_prod-s01-004-apac-southindia;migrationStage=NotStarted}
{"logTime": "1024/104844", "correlationVector":"KrlvoWzBqEwSgXT76CKV0p","action":"Commit Request", "result":"", "context":Item count: 1
Contributing types: Sessions}
{"logTime": "1024/104845", "correlationVector":"KrlvoWzBqEwSgXT76CKV0p.1","action":"SyncServerConnectionManagerRequest", "result":"SYNC_SERVER_OK", "context":{"environment":"Prod_southindia_prod-s01-004-apac-southindia", "migrationStage":"NotStarted", "server":"akswtt02000000y"}}
{"logTime": "1024/104845", "correlationVector":"KrlvoWzBqEwSgXT76CKV0p.2","action":"Commit Response", "result":"Success", "context":Result: Success. cV=KrlvoWzBqEwSgXT76CKV0p.0;server=akswtt02000000y;cloudType=Consumer;environment=Prod_southindia_prod-s01-004-apac-southindia;migrationStage=NotStarted}
{"logTime": "1024/135150", "correlationVector":"s7Q5/+jb42DzMmi70m9OOP.1","action":"SyncServerConnectionManagerRequest", "result":"SYNC_SERVER_OK", "context":{"environment":"Prod_southindia_prod-s01-004-apac-southindia", "migrationStage":"NotStarted", "server":"akswtt02000001j"}}
{"logTime": "1024/135150", "correlationVector":"s7Q5/+jb42DzMmi70m9OOP.2","action":"ProcessGetUpdates", "result":"Done", "context":{"dataType":"Encryption Keys", "deleted":"0", "process_failed_to_decrypt":"0", "process_pending_decryption":"0", "process_success":"1", "total":"1"}}
{"logTime": "1024/135150", "correlationVector":"M8oSEhSIkaYW8yogI1SfYE","action":"SyncServerConnectionManagerRequest", "result":"SYNC_SERVER_OK", "context":{"environment":"", "migrationStage":"", "server":""}}
{"logTime": "1024/135150", "correlationVector":"M8oSEhSIkaYW8yogI1SfYE.0","action":"EncryptionKeysFetcher.DownloadKeys:", "result":"Success", "context":Key count: 8, Last key timestamp: 2025-06-30T08:40:19Z}
{"logTime": "1024/135150", "correlationVector":"M8oSEhSIkaYW8yogI1SfYE.1","action":"EncryptionKeysManager::SetEncryptionKeys:", "result":"Success", "context":Key names[8]:[DsO54TBoa9T6tCTv/qCEx/N2lEQQjlen6OSoaY3c4KS1HBJhafYQVUxoYxfeySvNz/uU8T8MLJBSqNKwYYTevA==][ZfNHFIB8Ab/7L2cZ/R81X4GpILtRDCFXsidn9qnv20z6/f/uD9GwAp4W4xREzyfcdehzCP/dcwM46/FDVD6L0g==][0bUSnfmWfvyYbaGbVPEOsV7ZFfL/mn3QYd6PnuWwAcznVk/uzOzJueYB/rb3U0P3OgYHbABEfOsjxGm1fowUTg==][XKdjbwc4MzVtX3XD823S0DhLwfFkmDIIaW2J0xHpODVZaNaSppps1+TWN5o2pKWzfnwcMRCENXeLv72/pkUIoA==][kLxUgPVF2SSOMSABeO7HBUqqx1IGgg+8KCnvCRSl/7jtpvjE1ZnKc7PnRaRg/xv/jT7J4aBBGpdOYyp2ousTWw==][CNBzJudu2SFgDCQVsrji9dbEiN7ZvDw9vZ/J8I1dg8bNIrv1zyZS5IQRXBFvcw5hf3cHPYR1a/T+A9i+CAmY/g==][wc4CEPgM/xqfAIK8JbNLENJ/El42fdNGMfSutHUhsEQdVCHckV3Ww6wdySxOkCCVhlcn++OERirDmDFFVZ0M1g==][vsHhJ0mXNyV94fQdEyYLBeIZiuA8Kh8j7Nd5E4VUp8NY2Nhay3YmZyJCfpI76w0+ud0U0ipP0iJnamswdFeZjw==]}
{"logTime": "1024/135150", "correlationVector":"M8oSEhSIkaYW8yogI1SfYE.2","action":"EncryptionKeysManager::SetEncryptionKeysWithTimestamps:", "result":"Success", "context":Key timestamps[8]:[2022-01-10T20:54:40Z][2022-07-15T23:04:58Z][2023-01-30T20:10:24Z][2023-08-13T21:46:44Z][2024-02-14T22:10:34Z][2024-08-13T17:18:42Z][2024-12-29T20:25:57Z][2025-06-30T08:40:19Z]}
{"logTime": "1024/135150", "correlationVector":"s7Q5/+jb42DzMmi70m9OOP","action":"Initial GetUpdates", "result":"", "context":Reason: NEW_CLIENT. cV=s7Q5/+jb42DzMmi70m9OOP}
{"logTime": "1024/135150", "correlationVector":"s7Q5/+jb42DzMmi70m9OOP.3","action":"GetUpdates Response", "result":"Success", "context":Received 1 update(s). cV=s7Q5/+jb42DzMmi70m9OOP.0;server=akswtt02000001j;cloudType=Consumer;environment=Prod_southindia_prod-s01-004-apac-southindia;migrationStage=NotStarted}
{"logTime": "1024/135150", "correlationVector":"bMFjcSiY381wpDW4Sgl5EY","action":"Initial GetUpdates", "result":"", "context":Reason: NEWLY_SUPPORTED_DATATYPE. cV=bMFjcSiY381wpDW4Sgl5EY}
{"logTime": "1024/135151", "correlationVector":"bMFjcSiY381wpDW4Sgl5EY.1","action":"SyncServerConnectionManagerRequest", "result":"SYNC_SERVER_OK", "context":{"environment":"Prod_southindia_prod-s01-004-apac-southindia", "migrationStage":"NotStarted", "server":"akswtt02000000r"}}
{"logTime": "1024/135151", "correlationVector":"bMFjcSiY381wpDW4Sgl5EY.2","action":"ProcessGetUpdates", "result":"Done", "context":{"dataType":"Passwords", "deleted":"0", "process_failed_to_decrypt":"0", "process_pending_decryption":"0", "process_success":"42", "total":"42"}}
{"logTime": "1024/135151", "correlationVector":"bMFjcSiY381wpDW4Sgl5EY.3","action":"GetUpdates Response", "result":"Success", "context":Received 42 update(s). cV=bMFjcSiY381wpDW4Sgl5EY.0;server=akswtt02000000r;cloudType=Consumer;environment=Prod_southindia_prod-s01-004-apac-southindia;migrationStage=NotStarted}
{"logTime": "1024/135151", "correlationVector":"66KeFF15Ak5sktNNLOnHNp","action":"Normal GetUpdate request", "result":"", "context":cV=66KeFF15Ak5sktNNLOnHNp
Nudged types: Sessions, Device Info, History
Refresh requested types: Bookmarks, Preferences, Passwords, Autofill Profiles, Autofill, Extensions, Sessions, Extension settings, History Delete Directives, Device Info, User Consents, Send Tab To Self, Web Apps, History, Saved Tab Group, WebAuthn Credentials, Collection, Edge E Drop, Edge Hub App Usage, Edge Wallet, Encryption Keys}
{"logTime": "1024/135152", "correlationVector":"66KeFF15Ak5sktNNLOnHNp.1","action":"SyncServerConnectionManagerRequest", "result":"SYNC_SERVER_OK", "context":{"environment":"Prod_southindia_prod-s01-004-apac-southindia", "migrationStage":"NotStarted", "server":"akswtt02000000e"}}
{"logTime": "1024/135152", "correlationVector":"66KeFF15Ak5sktNNLOnHNp.2","action":"ProcessGetUpdates", "result":"Done", "context":{"dataType":"Preferences", "deleted":"0", "process_failed_to_decrypt":"0", "process_pending_decryption":"0", "process_success":"2", "total":"2"}}
{"logTime": "1024/135152", "correlationVector":"66KeFF15Ak5sktNNLOnHNp.3","action":"ProcessGetUpdates", "result":"Done", "context":{"dataType":"Sessions", "deleted":"0", "process_failed_to_decrypt":"0", "process_pending_decryption":"0", "process_success":"1", "total":"1"}}
{"logTime": "1024/135152", "correlationVector":"66KeFF15Ak5sktNNLOnHNp.4","action":"ProcessGetUpdates", "result":"Done", "context":{"dataType":"Device Info", "deleted":"0", "process_failed_to_decrypt":"0", "process_pending_decryption":"0", "process_success":"1", "total":"1"}}
{"logTime": "1024/135152", "correlationVector":"66KeFF15Ak5sktNNLOnHNp.5","action":"ProcessGetUpdates", "result":"Done", "context":{"dataType":"History", "deleted":"0", "process_failed_to_decrypt":"0", "process_pending_decryption":"0", "process_success":"1", "total":"1"}}
{"logTime": "1024/135152", "correlationVector":"66KeFF15Ak5sktNNLOnHNp.6","action":"GetUpdates Response", "result":"Success", "context":Received 5 update(s). cV=66KeFF15Ak5sktNNLOnHNp.0;server=akswtt02000000e;cloudType=Consumer;environment=Prod_southindia_prod-s01-004-apac-southindia;migrationStage=NotStarted}
{"logTime": "1024/135152", "correlationVector":"/eRizNgR3Pj8IKjBHoWbj7","action":"Commit Request", "result":"", "context":Item count: 6
Contributing types: Sessions, Device Info, History}
{"logTime": "1024/135154", "correlationVector":"/eRizNgR3Pj8IKjBHoWbj7.1","action":"SyncServerConnectionManagerRequest", "result":"SYNC_SERVER_OK", "context":{"environment":"Prod_southindia_prod-s01-004-apac-southindia", "migrationStage":"NotStarted", "server":"akswtt02000000h"}}
{"logTime": "1024/135154", "correlationVector":"/eRizNgR3Pj8IKjBHoWbj7.2","action":"Commit Response", "result":"Success", "context":Result: Success. cV=/eRizNgR3Pj8IKjBHoWbj7.0;server=akswtt02000000h;cloudType=Consumer;environment=Prod_southindia_prod-s01-004-apac-southindia;migrationStage=NotStarted}
{"logTime": "1024/135154", "correlationVector":"/eRizNgR3Pj8IKjBHoWbj7.3","action":"Commit.Sessions", "result":"Success", "context":{"id":"95ed9881-f980-45e2-8ce7-bd1bd725771d", "isDeleted":"true", "size":"0", "version":"1761302927190"}}
{"logTime": "1024/135154", "correlationVector":"pI5kRLTcdPtyeWlnosp2vb","action":"Commit Request", "result":"", "context":Item count: 2
Contributing types: Sessions, History}
{"logTime": "1024/135155", "correlationVector":"pI5kRLTcdPtyeWlnosp2vb.1","action":"SyncServerConnectionManagerRequest", "result":"SYNC_SERVER_OK", "context":{"environment":"Prod_southindia_prod-s01-004-apac-southindia", "migrationStage":"NotStarted", "server":"akswtt020000003"}}
{"logTime": "1024/135155", "correlationVector":"pI5kRLTcdPtyeWlnosp2vb.2","action":"Commit Response", "result":"Success", "context":Result: Success. cV=pI5kRLTcdPtyeWlnosp2vb.0;server=akswtt020000003;cloudType=Consumer;environment=Prod_southindia_prod-s01-004-apac-southindia;migrationStage=NotStarted}
{"logTime": "1024/135157", "correlationVector":"cZbCjk0niIj0s0YUuJd+mr","action":"Commit Request", "result":"", "context":Item count: 39
Contributing types: Preferences, Passwords}
{"logTime": "1024/135201", "correlationVector":"cZbCjk0niIj0s0YUuJd+mr.1","action":"SyncServerConnectionManagerRequest", "result":"SYNC_SERVER_OK", "context":{"environment":"Prod_southindia_prod-s01-004-apac-southindia", "migrationStage":"NotStarted", "server":"akswtt02000000r"}}
{"logTime": "1024/135201", "correlationVector":"cZbCjk0niIj0s0YUuJd+mr.2","action":"Commit Response", "result":"Success", "context":Result: Success. cV=cZbCjk0niIj0s0YUuJd+mr.0;server=akswtt02000000r;cloudType=Consumer;environment=Prod_southindia_prod-s01-004-apac-southindia;migrationStage=NotStarted}
{"logTime": "1024/135201", "correlationVector":"1PocrahUXCBGOyLxThMdut","action":"Commit Request", "result":"", "context":Item count: 1
Contributing types: Device Info}
{"logTime": "1024/135202", "correlationVector":"1PocrahUXCBGOyLxThMdut.1","action":"SyncServerConnectionManagerRequest", "result":"SYNC_SERVER_OK", "context":{"environment":"Prod_southindia_prod-s01-004-apac-southindia", "migrationStage":"NotStarted", "server":"akswtt02000001f"}}
{"logTime": "1024/135202", "correlationVector":"1PocrahUXCBGOyLxThMdut.2","action":"Commit Response", "result":"Success", "context":Result: Success. cV=1PocrahUXCBGOyLxThMdut.0;server=akswtt02000001f;cloudType=Consumer;environment=Prod_southindia_prod-s01-004-apac-southindia;migrationStage=NotStarted}
{"logTime": "1024/141834", "correlationVector":"ihgpeSeA9+r4tGX6vIwLKI.1","action":"SyncServerConnectionManagerRequest", "result":"SYNC_SERVER_OK", "context":{"environment":"Prod_southindia_prod-s01-004-apac-southindia", "migrationStage":"NotStarted", "server":"akswtt02000001q"}}
{"logTime": "1024/141834", "correlationVector":"ihgpeSeA9+r4tGX6vIwLKI.2","action":"ProcessGetUpdates", "result":"Done", "context":{"dataType":"Encryption Keys", "deleted":"0", "process_failed_to_decrypt":"0", "process_pending_decryption":"0", "process_success":"1", "total":"1"}}
{"logTime": "1024/141835", "correlationVector":"/o5OL5aP/DXxGKuH3VaA/M","action":"SyncServerConnectionManagerRequest", "result":"SYNC_SERVER_OK", "context":{"environment":"", "migrationStage":"", "server":""}}
{"logTime": "1024/141835", "correlationVector":"/o5OL5aP/DXxGKuH3VaA/M.0","action":"EncryptionKeysFetcher.DownloadKeys:", "result":"Success", "context":Key count: 8, Last key timestamp: 2025-06-30T08:40:19Z}
{"logTime": "1024/141835", "correlationVector":"/o5OL5aP/DXxGKuH3VaA/M.1","action":"EncryptionKeysManager::SetEncryptionKeys:", "result":"Success", "context":Key names[8]:[DsO54TBoa9T6tCTv/qCEx/N2lEQQjlen6OSoaY3c4KS1HBJhafYQVUxoYxfeySvNz/uU8T8MLJBSqNKwYYTevA==][ZfNHFIB8Ab/7L2cZ/R81X4GpILtRDCFXsidn9qnv20z6/f/uD9GwAp4W4xREzyfcdehzCP/dcwM46/FDVD6L0g==][0bUSnfmWfvyYbaGbVPEOsV7ZFfL/mn3QYd6PnuWwAcznVk/uzOzJueYB/rb3U0P3OgYHbABEfOsjxGm1fowUTg==][XKdjbwc4MzVtX3XD823S0DhLwfFkmDIIaW2J0xHpODVZaNaSppps1+TWN5o2pKWzfnwcMRCENXeLv72/pkUIoA==][kLxUgPVF2SSOMSABeO7HBUqqx1IGgg+8KCnvCRSl/7jtpvjE1ZnKc7PnRaRg/xv/jT7J4aBBGpdOYyp2ousTWw==][CNBzJudu2SFgDCQVsrji9dbEiN7ZvDw9vZ/J8I1dg8bNIrv1zyZS5IQRXBFvcw5hf3cHPYR1a/T+A9i+CAmY/g==][wc4CEPgM/xqfAIK8JbNLENJ/El42fdNGMfSutHUhsEQdVCHckV3Ww6wdySxOkCCVhlcn++OERirDmDFFVZ0M1g==][vsHhJ0mXNyV94fQdEyYLBeIZiuA8Kh8j7Nd5E4VUp8NY2Nhay3YmZyJCfpI76w0+ud0U0ipP0iJnamswdFeZjw==]}
{"logTime": "1024/141835", "correlationVector":"/o5OL5aP/DXxGKuH3VaA/M.2","action":"EncryptionKeysManager::SetEncryptionKeysWithTimestamps:", "result":"Success", "context":Key timestamps[8]:[2022-01-10T20:54:40Z][2022-07-15T23:04:58Z][2023-01-30T20:10:24Z][2023-08-13T21:46:44Z][2024-02-14T22:10:34Z][2024-08-13T17:18:42Z][2024-12-29T20:25:57Z][2025-06-30T08:40:19Z]}
{"logTime": "1024/141835", "correlationVector":"ihgpeSeA9+r4tGX6vIwLKI","action":"Initial GetUpdates", "result":"", "context":Reason: NEW_CLIENT. cV=ihgpeSeA9+r4tGX6vIwLKI}
{"logTime": "1024/141835", "correlationVector":"ihgpeSeA9+r4tGX6vIwLKI.3","action":"GetUpdates Response", "result":"Success", "context":Received 1 update(s). cV=ihgpeSeA9+r4tGX6vIwLKI.0;server=akswtt02000001q;cloudType=Consumer;environment=Prod_southindia_prod-s01-004-apac-southindia;migrationStage=NotStarted}
{"logTime": "1024/141835", "correlationVector":"+syuRVIg6v3/GRjPBKERa2","action":"Initial GetUpdates", "result":"", "context":Reason: NEWLY_SUPPORTED_DATATYPE. cV=+syuRVIg6v3/GRjPBKERa2}
{"logTime": "1024/141835", "correlationVector":"+syuRVIg6v3/GRjPBKERa2.1","action":"SyncServerConnectionManagerRequest", "result":"SYNC_SERVER_OK", "context":{"environment":"Prod_southindia_prod-s01-004-apac-southindia", "migrationStage":"NotStarted", "server":"akswtt02000000u"}}
{"logTime": "1024/141835", "correlationVector":"+syuRVIg6v3/GRjPBKERa2.2","action":"ProcessGetUpdates", "result":"Done", "context":{"dataType":"Passwords", "deleted":"0", "process_failed_to_decrypt":"0", "process_pending_decryption":"0", "process_success":"42", "total":"42"}}
{"logTime": "1024/141835", "correlationVector":"+syuRVIg6v3/GRjPBKERa2.3","action":"GetUpdates Response", "result":"Success", "context":Received 42 update(s). cV=+syuRVIg6v3/GRjPBKERa2.0;server=akswtt02000000u;cloudType=Consumer;environment=Prod_southindia_prod-s01-004-apac-southindia;migrationStage=NotStarted}
{"logTime": "1024/141835", "correlationVector":"kVe4lZkUvAs9BvABQ+dkSa","action":"Normal GetUpdate request", "result":"", "context":cV=kVe4lZkUvAs9BvABQ+dkSa
Nudged types: Sessions, Device Info, History
Refresh requested types: Bookmarks, Preferences, Passwords, Autofill Profiles, Autofill, Extensions, Sessions, Extension settings, History Delete Directives, Device Info, User Consents, Send Tab To Self, Web Apps, History, Saved Tab Group, WebAuthn Credentials, Collection, Edge E Drop, Edge Hub App Usage, Edge Wallet, Encryption Keys}
{"logTime": "1024/141836", "correlationVector":"kVe4lZkUvAs9BvABQ+dkSa.1","action":"SyncServerConnectionManagerRequest", "result":"SYNC_SERVER_OK", "context":{"environment":"Prod_southindia_prod-s01-004-apac-southindia", "migrationStage":"NotStarted", "server":"akswtt02000001v"}}
{"logTime": "1024/141836", "correlationVector":"kVe4lZkUvAs9BvABQ+dkSa.2","action":"ProcessGetUpdates", "result":"Done", "context":{"dataType":"Preferences", "deleted":"0", "process_failed_to_decrypt":"0", "process_pending_decryption":"0", "process_success":"1", "total":"1"}}
{"logTime": "1024/141836", "correlationVector":"kVe4lZkUvAs9BvABQ+dkSa.3","action":"ProcessGetUpdates", "result":"Done", "context":{"dataType":"Sessions", "deleted":"1", "process_failed_to_decrypt":"0", "process_pending_decryption":"0", "process_success":"4", "total":"4"}}
{"logTime": "1024/141836", "correlationVector":"kVe4lZkUvAs9BvABQ+dkSa.4","action":"ProcessGetUpdates", "result":"Done", "context":{"dataType":"Device Info", "deleted":"0", "process_failed_to_decrypt":"0", "process_pending_decryption":"0", "process_success":"1", "total":"1"}}
{"logTime": "1024/141836", "correlationVector":"kVe4lZkUvAs9BvABQ+dkSa.5","action":"ProcessGetUpdates", "result":"Done", "context":{"dataType":"History", "deleted":"0", "process_failed_to_decrypt":"0", "process_pending_decryption":"0", "process_success":"3", "total":"3"}}
{"logTime": "1024/141836", "correlationVector":"kVe4lZkUvAs9BvABQ+dkSa.6","action":"GetUpdates Response", "result":"Success", "context":Received 9 update(s). cV=kVe4lZkUvAs9BvABQ+dkSa.0;server=akswtt02000001v;cloudType=Consumer;environment=Prod_southindia_prod-s01-004-apac-southindia;migrationStage=NotStarted}
{"logTime": "1024/141841", "correlationVector":"xI44QMiS29s2DB4IB7Jfww","action":"Commit Request", "result":"", "context":Item count: 40
Contributing types: Preferences, Passwords, Sessions}
{"logTime": "1024/141844", "correlationVector":"xI44QMiS29s2DB4IB7Jfww.1","action":"SyncServerConnectionManagerRequest", "result":"SYNC_SERVER_OK", "context":{"environment":"Prod_southindia_prod-s01-004-apac-southindia", "migrationStage":"NotStarted", "server":"akswtt020000008"}}
{"logTime": "1024/141844", "correlationVector":"xI44QMiS29s2DB4IB7Jfww.2","action":"Commit Response", "result":"Success", "context":Result: Success. cV=xI44QMiS29s2DB4IB7Jfww.0;server=akswtt020000008;cloudType=Consumer;environment=Prod_southindia_prod-s01-004-apac-southindia;migrationStage=NotStarted}
{"logTime": "1024/141844", "correlationVector":"W4SF8uKWAN2fSl4rLuVwel","action":"Commit Request", "result":"", "context":Item count: 3
Contributing types: Sessions, History}
{"logTime": "1024/141845", "correlationVector":"W4SF8uKWAN2fSl4rLuVwel.1","action":"SyncServerConnectionManagerRequest", "result":"SYNC_SERVER_OK", "context":{"environment":"Prod_southindia_prod-s01-004-apac-southindia", "migrationStage":"NotStarted", "server":"akswtt02000001n"}}
{"logTime": "1024/141845", "correlationVector":"W4SF8uKWAN2fSl4rLuVwel.3","action":"Commit.Sessions", "result":"Success", "context":{"id":"56301460-e165-4adc-8f88-da05806687c6", "isDeleted":"true", "size":"0", "version":"1761315034547"}}
{"logTime": "1024/141845", "correlationVector":"W4SF8uKWAN2fSl4rLuVwel.2","action":"Commit Response", "result":"Success", "context":Result: Success. cV=W4SF8uKWAN2fSl4rLuVwel.0;server=akswtt02000001n;cloudType=Consumer;environment=Prod_southindia_prod-s01-004-apac-southindia;migrationStage=NotStarted}
{"logTime": "1024/141845", "correlationVector":"8O2F7bhHwIvPQw16oo6uY4","action":"Commit Request", "result":"", "context":Item count: 1
Contributing types: Device Info}
{"logTime": "1024/141846", "correlationVector":"8O2F7bhHwIvPQw16oo6uY4.1","action":"SyncServerConnectionManagerRequest", "result":"SYNC_SERVER_OK", "context":{"environment":"Prod_southindia_prod-s01-004-apac-southindia", "migrationStage":"NotStarted", "server":"akswtt02000001z"}}
{"logTime": "1024/141846", "correlationVector":"8O2F7bhHwIvPQw16oo6uY4.2","action":"Commit Response", "result":"Success", "context":Result: Success. cV=8O2F7bhHwIvPQw16oo6uY4.0;server=akswtt02000001z;cloudType=Consumer;environment=Prod_southindia_prod-s01-004-apac-southindia;migrationStage=NotStarted}
{"logTime": "1024/175416", "correlationVector":"eVexINVaanzu6DCwWSlySF","action":"Poll GetUpdate request", "result":"", "context":cV=eVexINVaanzu6DCwWSlySF}
{"logTime": "1024/175417", "correlationVector":"eVexINVaanzu6DCwWSlySF.1","action":"SyncServerConnectionManagerRequest", "result":"SYNC_SERVER_OK", "context":{"environment":"Prod_southindia_prod-s01-004-apac-southindia", "migrationStage":"NotStarted", "server":"akswtt02000000i"}}
{"logTime": "1024/175417", "correlationVector":"eVexINVaanzu6DCwWSlySF.2","action":"ProcessGetUpdates", "result":"Done", "context":{"dataType":"Preferences", "deleted":"0", "process_failed_to_decrypt":"0", "process_pending_decryption":"0", "process_success":"1", "total":"1"}}
{"logTime": "1024/175417", "correlationVector":"eVexINVaanzu6DCwWSlySF.3","action":"ProcessGetUpdates", "result":"Done", "context":{"dataType":"Passwords", "deleted":"0", "process_failed_to_decrypt":"0", "process_pending_decryption":"0", "process_success":"38", "total":"38"}}
{"logTime": "1024/175417", "correlationVector":"eVexINVaanzu6DCwWSlySF.4","action":"ProcessGetUpdates", "result":"Done", "context":{"dataType":"Sessions", "deleted":"1", "process_failed_to_decrypt":"0", "process_pending_decryption":"0", "process_success":"3", "total":"3"}}
{"logTime": "1024/175417", "correlationVector":"eVexINVaanzu6DCwWSlySF.5","action":"ProcessGetUpdates", "result":"Done", "context":{"dataType":"Device Info", "deleted":"0", "process_failed_to_decrypt":"0", "process_pending_decryption":"0", "process_success":"2", "total":"2"}}
{"logTime": "1024/175417", "correlationVector":"eVexINVaanzu6DCwWSlySF.6","action":"ProcessGetUpdates", "result":"Done", "context":{"dataType":"History", "deleted":"0", "process_failed_to_decrypt":"0", "process_pending_decryption":"0", "process_success":"1", "total":"1"}}
{"logTime": "1024/175417", "correlationVector":"eVexINVaanzu6DCwWSlySF.7","action":"GetUpdates Response", "result":"Success", "context":Received 45 update(s). cV=eVexINVaanzu6DCwWSlySF.0;server=akswtt02000000i;cloudType=Consumer;environment=Prod_southindia_prod-s01-004-apac-southindia;migrationStage=NotStarted}
{"logTime": "1025/040254", "correlationVector":"KZah86iIqvOdjOpreA2Fne","action":"Poll GetUpdate request", "result":"", "context":cV=KZah86iIqvOdjOpreA2Fne}
{"logTime": "1025/040254", "correlationVector":"KZah86iIqvOdjOpreA2Fne","action":"SyncServerConnectionManagerRequest", "result":"CONNECTION_UNAVAILABLE", "context":{"error_type":"net_error_code", "error_value":"-331"}}
{"logTime": "1025/040254", "correlationVector":"YciI2Hjvv4m9F/LltmpDjB.0","action":"GetUpdates Response", "result":"Network error (ERR_NETWORK_IO_SUSPENDED)", "context":Received error: Network error (ERR_NETWORK_IO_SUSPENDED). }
{"logTime": "1025/145344", "correlationVector":"hNuP6wwEjf2PA8tnelUVM4","action":"Poll GetUpdate request", "result":"", "context":cV=hNuP6wwEjf2PA8tnelUVM4}
{"logTime": "1025/145346", "correlationVector":"hNuP6wwEjf2PA8tnelUVM4","action":"SyncServerConnectionManagerRequest", "result":"CONNECTION_UNAVAILABLE", "context":{"error_type":"net_error_code", "error_value":"-106"}}
{"logTime": "1025/145346", "correlationVector":"H2vh1y5x/J50IUhsEoaY2b.0","action":"GetUpdates Response", "result":"Network error (ERR_INTERNET_DISCONNECTED)", "context":Received error: Network error (ERR_INTERNET_DISCONNECTED). }
{"logTime": "1025/145346", "correlationVector":"H2vh1y5x/J50IUhsEoaY2b.0","action":"SyncServerConnectionManagerRequest", "result":"CONNECTION_UNAVAILABLE", "context":{"error_type":"net_error_code", "error_value":"-106"}}
{"logTime": "1025/145349", "correlationVector":"e8Zuib1AQPZGgbwRC9qA7i","action":"Commit Request", "result":"", "context":Item count: 1
Contributing types: Device Info}
{"logTime": "1025/145349", "correlationVector":"e8Zuib1AQPZGgbwRC9qA7i","action":"SyncServerConnectionManagerRequest", "result":"CONNECTION_UNAVAILABLE", "context":{"error_type":"net_error_code", "error_value":"-106"}}
{"logTime": "1025/145349", "correlationVector":"qQ3PDaffLhWQsf2ZIE3F/6.0","action":"Commit Response", "result":"Network error (ERR_INTERNET_DISCONNECTED)", "context":Result: Network error (ERR_INTERNET_DISCONNECTED). }
{"logTime": "1025/145355", "correlationVector":"oiJ3ub5+8KZvySh3kRmdGP","action":"Commit Request", "result":"", "context":Item count: 1
Contributing types: Device Info}
{"logTime": "1025/145359", "correlationVector":"oiJ3ub5+8KZvySh3kRmdGP.1","action":"SyncServerConnectionManagerRequest", "result":"SYNC_AUTH_ERROR", "context":{"environment":"Prod_southindia_prod-s01-004-apac-southindia", "migrationStage":"NotStarted", "server":"akswtt02100000y"}}
{"logTime": "1025/145359", "correlationVector":"oiJ3ub5+8KZvySh3kRmdGP.2","action":"Commit Response", "result":"HTTP error (401)", "context":Result: HTTP error (401). cV=oiJ3ub5+8KZvySh3kRmdGP.0;server=akswtt02100000y;cloudType=Undetermined;environment=Prod_southindia_prod-s01-004-apac-southindia;migrationStage=NotStarted}
{"logTime": "1025/145402", "correlationVector":"b1m1DvawVnT97mSf0VsdeQ","action":"Commit Request", "result":"", "context":Item count: 1
Contributing types: Device Info}
{"logTime": "1025/145404", "correlationVector":"b1m1DvawVnT97mSf0VsdeQ.1","action":"SyncServerConnectionManagerRequest", "result":"SYNC_SERVER_OK", "context":{"environment":"Prod_southindia_prod-s01-004-apac-southindia", "migrationStage":"NotStarted", "server":"akswtt02100001l"}}
{"logTime": "1025/145404", "correlationVector":"b1m1DvawVnT97mSf0VsdeQ.2","action":"Commit Response", "result":"Success", "context":Result: Success. cV=b1m1DvawVnT97mSf0VsdeQ.0;server=akswtt02100001l;cloudType=Consumer;environment=Prod_southindia_prod-s01-004-apac-southindia;migrationStage=NotStarted}
{"logTime": "1025/145404", "correlationVector":"JUVUwhS35p5U0fSewziOS0","action":"Poll GetUpdate request", "result":"", "context":cV=JUVUwhS35p5U0fSewziOS0}
{"logTime": "1025/145405", "correlationVector":"JUVUwhS35p5U0fSewziOS0.1","action":"SyncServerConnectionManagerRequest", "result":"SYNC_SERVER_OK", "context":{"environment":"Prod_southindia_prod-s01-004-apac-southindia", "migrationStage":"NotStarted", "server":"akswtt02100000o"}}
{"logTime": "1025/145405", "correlationVector":"JUVUwhS35p5U0fSewziOS0.2","action":"ProcessGetUpdates", "result":"Done", "context":{"dataType":"Device Info", "deleted":"0", "process_failed_to_decrypt":"0", "process_pending_decryption":"0", "process_success":"2", "total":"2"}}
{"logTime": "1025/145405", "correlationVector":"JUVUwhS35p5U0fSewziOS0.3","action":"GetUpdates Response", "result":"Success", "context":Received 2 update(s). cV=JUVUwhS35p5U0fSewziOS0.0;server=akswtt02100000o;cloudType=Consumer;environment=Prod_southindia_prod-s01-004-apac-southindia;migrationStage=NotStarted}
{"logTime": "1025/145406", "correlationVector":"lxpD0E5eV/a2hEw04NR15y","action":"SyncServerConnectionManagerRequest", "result":"SYNC_SERVER_OK", "context":{"environment":"", "migrationStage":"", "server":""}}
{"logTime": "1025/145406", "correlationVector":"lxpD0E5eV/a2hEw04NR15y.0","action":"EncryptionKeysFetcher.DownloadKeys:", "result":"Success", "context":Key count: 8, Last key timestamp: 2025-06-30T08:40:19Z}
{"logTime": "1025/145406", "correlationVector":"lxpD0E5eV/a2hEw04NR15y.1","action":"EncryptionKeysManager::SetEncryptionKeys:", "result":"Success", "context":Key names[8]:[DsO54TBoa9T6tCTv/qCEx/N2lEQQjlen6OSoaY3c4KS1HBJhafYQVUxoYxfeySvNz/uU8T8MLJBSqNKwYYTevA==][ZfNHFIB8Ab/7L2cZ/R81X4GpILtRDCFXsidn9qnv20z6/f/uD9GwAp4W4xREzyfcdehzCP/dcwM46/FDVD6L0g==][0bUSnfmWfvyYbaGbVPEOsV7ZFfL/mn3QYd6PnuWwAcznVk/uzOzJueYB/rb3U0P3OgYHbABEfOsjxGm1fowUTg==][XKdjbwc4MzVtX3XD823S0DhLwfFkmDIIaW2J0xHpODVZaNaSppps1+TWN5o2pKWzfnwcMRCENXeLv72/pkUIoA==][kLxUgPVF2SSOMSABeO7HBUqqx1IGgg+8KCnvCRSl/7jtpvjE1ZnKc7PnRaRg/xv/jT7J4aBBGpdOYyp2ousTWw==][CNBzJudu2SFgDCQVsrji9dbEiN7ZvDw9vZ/J8I1dg8bNIrv1zyZS5IQRXBFvcw5hf3cHPYR1a/T+A9i+CAmY/g==][wc4CEPgM/xqfAIK8JbNLENJ/El42fdNGMfSutHUhsEQdVCHckV3Ww6wdySxOkCCVhlcn++OERirDmDFFVZ0M1g==][vsHhJ0mXNyV94fQdEyYLBeIZiuA8Kh8j7Nd5E4VUp8NY2Nhay3YmZyJCfpI76w0+ud0U0ipP0iJnamswdFeZjw==]}
{"logTime": "1025/145406", "correlationVector":"lxpD0E5eV/a2hEw04NR15y.2","action":"EncryptionKeysManager::SetEncryptionKeysWithTimestamps:", "result":"Success", "context":Key timestamps[8]:[2022-01-10T20:54:40Z][2022-07-15T23:04:58Z][2023-01-30T20:10:24Z][2023-08-13T21:46:44Z][2024-02-14T22:10:34Z][2024-08-13T17:18:42Z][2024-12-29T20:25:57Z][2025-06-30T08:40:19Z]}
{"logTime": "1027/165144", "correlationVector":"nUtS4UcfMbKXxRb547odc1","action":"Poll GetUpdate request", "result":"", "context":cV=nUtS4UcfMbKXxRb547odc1}
{"logTime": "1027/165144", "correlationVector":"nUtS4UcfMbKXxRb547odc1","action":"SyncServerConnectionManagerRequest", "result":"CONNECTION_UNAVAILABLE", "context":{"error_type":"net_error_code", "error_value":"-105"}}
{"logTime": "1027/165144", "correlationVector":"Qi7+dbpwESc3D1OsDuC6gX.0","action":"GetUpdates Response", "result":"Network error (ERR_NAME_NOT_RESOLVED)", "context":Received error: Network error (ERR_NAME_NOT_RESOLVED). }
{"logTime": "1027/165145", "correlationVector":"Qi7+dbpwESc3D1OsDuC6gX.0","action":"SyncServerConnectionManagerRequest", "result":"CONNECTION_UNAVAILABLE", "context":{"error_type":"net_error_code", "error_value":"-106"}}
{"logTime": "1027/165147", "correlationVector":"2eOqy9om38mhxY9o221/6z","action":"Commit Request", "result":"", "context":Item count: 1
Contributing types: Device Info}
{"logTime": "1027/165149", "correlationVector":"2eOqy9om38mhxY9o221/6z","action":"SyncServerConnectionManagerRequest", "result":"CONNECTION_UNAVAILABLE", "context":{"error_type":"net_error_code", "error_value":"-106"}}
{"logTime": "1027/165149", "correlationVector":"oqc7hXIwM0GChDlRGCF2s7.0","action":"Commit Response", "result":"Network error (ERR_INTERNET_DISCONNECTED)", "context":Result: Network error (ERR_INTERNET_DISCONNECTED). }
{"logTime": "1027/165152", "correlationVector":"dG4xgs9PTSvP51gmGBwQLn","action":"Commit Request", "result":"", "context":Item count: 1
Contributing types: Device Info}
{"logTime": "1027/165152", "correlationVector":"dG4xgs9PTSvP51gmGBwQLn","action":"SyncServerConnectionManagerRequest", "result":"CONNECTION_UNAVAILABLE", "context":{"error_type":"net_error_code", "error_value":"-21"}}
{"logTime": "1027/165152", "correlationVector":"GUDwaMeSfmP33MGhdq/3+V.0","action":"Commit Response", "result":"Network error (ERR_NETWORK_CHANGED)", "context":Result: Network error (ERR_NETWORK_CHANGED). }
{"logTime": "1027/165152", "correlationVector":"EECzea20n45+v4wtda52GW","action":"Commit Request", "result":"", "context":Item count: 1
Contributing types: Device Info}
{"logTime": "1027/165155", "correlationVector":"EECzea20n45+v4wtda52GW.1","action":"SyncServerConnectionManagerRequest", "result":"SYNC_AUTH_ERROR", "context":{"environment":"Prod_southeastasia_prod-s01-064-apac-southeastasia", "migrationStage":"NotStarted", "server":"akswtt10600000f"}}
{"logTime": "1027/165155", "correlationVector":"EECzea20n45+v4wtda52GW.2","action":"Commit Response", "result":"HTTP error (401)", "context":Result: HTTP error (401). cV=EECzea20n45+v4wtda52GW.0;server=akswtt10600000f;cloudType=Undetermined;environment=Prod_southeastasia_prod-s01-064-apac-southeastasia;migrationStage=NotStarted}
{"logTime": "1027/165200", "correlationVector":"+FAdk+yaYrIm+GW4jP06Or","action":"Commit Request", "result":"", "context":Item count: 1
Contributing types: Device Info}
{"logTime": "1027/165201", "correlationVector":"+FAdk+yaYrIm+GW4jP06Or.1","action":"SyncServerConnectionManagerRequest", "result":"SYNC_SERVER_OK", "context":{"environment":"Prod_southeastasia_prod-s01-064-apac-southeastasia", "migrationStage":"NotStarted", "server":"akswtt10600000p"}}
{"logTime": "1027/165201", "correlationVector":"+FAdk+yaYrIm+GW4jP06Or.2","action":"Commit Response", "result":"Success", "context":Result: Success. cV=+FAdk+yaYrIm+GW4jP06Or.0;server=akswtt10600000p;cloudType=Consumer;environment=Prod_southeastasia_prod-s01-064-apac-southeastasia;migrationStage=NotStarted}
{"logTime": "1027/165201", "correlationVector":"SFJwch2hzP7d01KJHSZWW3","action":"Poll GetUpdate request", "result":"", "context":cV=SFJwch2hzP7d01KJHSZWW3}
{"logTime": "1027/165203", "correlationVector":"SFJwch2hzP7d01KJHSZWW3.1","action":"SyncServerConnectionManagerRequest", "result":"SYNC_SERVER_OK", "context":{"environment":"Prod_southeastasia_prod-s01-064-apac-southeastasia", "migrationStage":"NotStarted", "server":"akswtt10600000q"}}
{"logTime": "1027/165203", "correlationVector":"SFJwch2hzP7d01KJHSZWW3.2","action":"ProcessGetUpdates", "result":"Done", "context":{"dataType":"Device Info", "deleted":"0", "process_failed_to_decrypt":"0", "process_pending_decryption":"0", "process_success":"1", "total":"1"}}
{"logTime": "1027/165203", "correlationVector":"SFJwch2hzP7d01KJHSZWW3.3","action":"GetUpdates Response", "result":"Success", "context":Received 1 update(s). cV=SFJwch2hzP7d01KJHSZWW3.0;server=akswtt10600000q;cloudType=Consumer;environment=Prod_southeastasia_prod-s01-064-apac-southeastasia;migrationStage=NotStarted}
{"logTime": "1027/165203", "correlationVector":"mOYlIKrv/2ygcRDYMk2IfD","action":"DoCompareDataConsistency requsted types: ", "result":"Bookmarks, Preferences, Passwords, Extensions, Extension settings, History Delete Directives, Send Tab To Self, Web Apps, History, Saved Tab Group, WebAuthn Credentials, Collection, Edge E Drop, Edge Wallet, Encryption Keys"}
{"logTime": "1027/165203", "correlationVector":"mOYlIKrv/2ygcRDYMk2IfD.0","action":"CompareDataConsistency result: ", "result":"Compare result: Encryption Keys is consistent. local entities count is: 1 local entities hash is: BPpcebjcrS5j/T5UIoZa1Q9thlk="}
{"logTime": "1027/165203", "correlationVector":"mOYlIKrv/2ygcRDYMk2IfD.1","action":"CompareDataConsistency result: ", "result":"Compare result: Bookmarks is consistent. local entities count is: 3 local entities hash is: Ssn7F1xwX55dO2Q24OJUhkrtZ2E="}
{"logTime": "1027/165203", "correlationVector":"mOYlIKrv/2ygcRDYMk2IfD.2","action":"CompareDataConsistency result: ", "result":"Compare result: Preferences is consistent. local entities count is: 60 local entities hash is: l+EaVIROPMqogg190Ug1rb6e8YE="}
{"logTime": "1027/165203", "correlationVector":"mOYlIKrv/2ygcRDYMk2IfD.3","action":"CompareDataConsistency result: ", "result":"Compare result: Extensions is consistent. local entities count is: 0 local entities hash is: "}
{"logTime": "1027/165203", "correlationVector":"mOYlIKrv/2ygcRDYMk2IfD.4","action":"CompareDataConsistency result: ", "result":"Compare result: Extension settings is consistent. local entities count is: 0 local entities hash is: "}
{"logTime": "1027/165203", "correlationVector":"mOYlIKrv/2ygcRDYMk2IfD.5","action":"CompareDataConsistency result: ", "result":"Compare result: History Delete Directives is consistent. local entities count is: 0 local entities hash is: "}
{"logTime": "1027/165203", "correlationVector":"mOYlIKrv/2ygcRDYMk2IfD.6","action":"CompareDataConsistency result: ", "result":"Server did not send this Send Tab To Self local entities count is: 0 local entities hash is: "}
{"logTime": "1027/165203", "correlationVector":"mOYlIKrv/2ygcRDYMk2IfD.7","action":"CompareDataConsistency result: ", "result":"Compare result: Web Apps is consistent. local entities count is: 0 local entities hash is: "}
{"logTime": "1027/165203", "correlationVector":"mOYlIKrv/2ygcRDYMk2IfD.8","action":"CompareDataConsistency result: ", "result":"Server did not send this History local entities count is: 0 local entities hash is: "}
{"logTime": "1027/165203", "correlationVector":"mOYlIKrv/2ygcRDYMk2IfD.9","action":"CompareDataConsistency result: ", "result":"Compare result: Saved Tab Group is consistent. local entities count is: 0 local entities hash is: "}
{"logTime": "1027/165203", "correlationVector":"mOYlIKrv/2ygcRDYMk2IfD.10","action":"CompareDataConsistency result: ", "result":"Server did not send this WebAuthn Credentials local entities count is: 0 local entities hash is: "}
{"logTime": "1027/165203", "correlationVector":"mOYlIKrv/2ygcRDYMk2IfD.11","action":"CompareDataConsistency result: ", "result":"Compare result: Collection is consistent. local entities count is: 0 local entities hash is: "}
{"logTime": "1027/165203", "correlationVector":"mOYlIKrv/2ygcRDYMk2IfD.12","action":"CompareDataConsistency result: ", "result":"Compare result: Edge E Drop is consistent. local entities count is: 0 local entities hash is: "}
{"logTime": "1027/165203", "correlationVector":"mOYlIKrv/2ygcRDYMk2IfD.13","action":"CompareDataConsistency result: ", "result":"Compare result: Edge Wallet is consistent. local entities count is: 0 local entities hash is: "}
{"logTime": "1027/165203", "correlationVector":"mOYlIKrv/2ygcRDYMk2IfD.14","action":"CompareDataConsistency result: ", "result":"Compare result: Passwords is consistent. local entities count is: 42 local entities hash is: swN//OwiM+Lcu6aHm0p8On/w7Ng="}
{"logTime": "1027/165205", "correlationVector":"mOYlIKrv/2ygcRDYMk2IfD.15","action":"SyncServerConnectionManagerRequest", "result":"SYNC_SERVER_OK", "context":{"environment":"", "migrationStage":"", "server":""}}
{"logTime": "1027/165205", "correlationVector":"mOYlIKrv/2ygcRDYMk2IfD.16","action":"EncryptionKeysFetcher.DownloadKeys:", "result":"Success", "context":Key count: 8, Last key timestamp: 2025-06-30T08:40:19Z}
{"logTime": "1027/165205", "correlationVector":"mOYlIKrv/2ygcRDYMk2IfD.17","action":"EncryptionKeysManager::SetEncryptionKeys:", "result":"Success", "context":Key names[8]:[DsO54TBoa9T6tCTv/qCEx/N2lEQQjlen6OSoaY3c4KS1HBJhafYQVUxoYxfeySvNz/uU8T8MLJBSqNKwYYTevA==][ZfNHFIB8Ab/7L2cZ/R81X4GpILtRDCFXsidn9qnv20z6/f/uD9GwAp4W4xREzyfcdehzCP/dcwM46/FDVD6L0g==][0bUSnfmWfvyYbaGbVPEOsV7ZFfL/mn3QYd6PnuWwAcznVk/uzOzJueYB/rb3U0P3OgYHbABEfOsjxGm1fowUTg==][XKdjbwc4MzVtX3XD823S0DhLwfFkmDIIaW2J0xHpODVZaNaSppps1+TWN5o2pKWzfnwcMRCENXeLv72/pkUIoA==][kLxUgPVF2SSOMSABeO7HBUqqx1IGgg+8KCnvCRSl/7jtpvjE1ZnKc7PnRaRg/xv/jT7J4aBBGpdOYyp2ousTWw==][CNBzJudu2SFgDCQVsrji9dbEiN7ZvDw9vZ/J8I1dg8bNIrv1zyZS5IQRXBFvcw5hf3cHPYR1a/T+A9i+CAmY/g==][wc4CEPgM/xqfAIK8JbNLENJ/El42fdNGMfSutHUhsEQdVCHckV3Ww6wdySxOkCCVhlcn++OERirDmDFFVZ0M1g==][vsHhJ0mXNyV94fQdEyYLBeIZiuA8Kh8j7Nd5E4VUp8NY2Nhay3YmZyJCfpI76w0+ud0U0ipP0iJnamswdFeZjw==]}
{"logTime": "1027/165205", "correlationVector":"mOYlIKrv/2ygcRDYMk2IfD.18","action":"EncryptionKeysManager::SetEncryptionKeysWithTimestamps:", "result":"Success", "context":Key timestamps[8]:[2022-01-10T20:54:40Z][2022-07-15T23:04:58Z][2023-01-30T20:10:24Z][2023-08-13T21:46:44Z][2024-02-14T22:10:34Z][2024-08-13T17:18:42Z][2024-12-29T20:25:57Z][2025-06-30T08:40:19Z]}
{"logTime": "1027/165205", "correlationVector":"","action":"DIAGNOSTIC_REQUEST|v1/diagnosticData/Diagnostic.SendCheckResult()|SUCCESS", "result":""}
{"logTime": "1027/165233", "correlationVector":"JOqtTcyXpqqE7O7aUez56K","action":"Commit Request", "result":"", "context":Item count: 1
Contributing types: Device Info}
{"logTime": "1027/165234", "correlationVector":"JOqtTcyXpqqE7O7aUez56K.1","action":"SyncServerConnectionManagerRequest", "result":"SYNC_SERVER_OK", "context":{"environment":"Prod_southindia_prod-s01-004-apac-southindia", "migrationStage":"NotStarted", "server":"akswtt02100001a"}}
{"logTime": "1027/165234", "correlationVector":"JOqtTcyXpqqE7O7aUez56K.2","action":"Commit Response", "result":"Success", "context":Result: Success. cV=JOqtTcyXpqqE7O7aUez56K.0;server=akswtt02100001a;cloudType=Consumer;environment=Prod_southindia_prod-s01-004-apac-southindia;migrationStage=NotStarted}
{"logTime": "1027/165256", "correlationVector":"Ay0zaCROLT+kizQdBMoVbO","action":"Commit Request", "result":"", "context":Item count: 1
Contributing types: Device Info}
{"logTime": "1027/165257", "correlationVector":"Ay0zaCROLT+kizQdBMoVbO.1","action":"SyncServerConnectionManagerRequest", "result":"SYNC_SERVER_OK", "context":{"environment":"Prod_southindia_prod-s01-004-apac-southindia", "migrationStage":"NotStarted", "server":"akswtt021000001"}}
{"logTime": "1027/165257", "correlationVector":"Ay0zaCROLT+kizQdBMoVbO.2","action":"Commit Response", "result":"Success", "context":Result: Success. cV=Ay0zaCROLT+kizQdBMoVbO.0;server=akswtt021000001;cloudType=Consumer;environment=Prod_southindia_prod-s01-004-apac-southindia;migrationStage=NotStarted}
{"logTime": "1027/165451", "correlationVector":"aT7wb8ogO+Bfx9UINLI9DH","action":"Commit Request", "result":"", "context":Item count: 1
Contributing types: Sessions}
{"logTime": "1027/165452", "correlationVector":"aT7wb8ogO+Bfx9UINLI9DH.1","action":"SyncServerConnectionManagerRequest", "result":"SYNC_SERVER_OK", "context":{"environment":"Prod_southindia_prod-s01-004-apac-southindia", "migrationStage":"NotStarted", "server":"akswtt021000000"}}
{"logTime": "1027/165452", "correlationVector":"aT7wb8ogO+Bfx9UINLI9DH.2","action":"Commit Response", "result":"Success", "context":Result: Success. cV=aT7wb8ogO+Bfx9UINLI9DH.0;server=akswtt021000000;cloudType=Consumer;environment=Prod_southindia_prod-s01-004-apac-southindia;migrationStage=NotStarted}
{"logTime": "1027/173338", "correlationVector":"Cu5bPSa0RmRV4bWijdlzBn","action":"Commit Request", "result":"", "context":Item count: 1
Contributing types: Sessions}
{"logTime": "1027/173339", "correlationVector":"Cu5bPSa0RmRV4bWijdlzBn.1","action":"SyncServerConnectionManagerRequest", "result":"SYNC_SERVER_OK", "context":{"environment":"Prod_southindia_prod-s01-004-apac-southindia", "migrationStage":"NotStarted", "server":"akswtt021000008"}}
{"logTime": "1027/173339", "correlationVector":"Cu5bPSa0RmRV4bWijdlzBn.2","action":"Commit Response", "result":"Success", "context":Result: Success. cV=Cu5bPSa0RmRV4bWijdlzBn.0;server=akswtt021000008;cloudType=Consumer;environment=Prod_southindia_prod-s01-004-apac-southindia;migrationStage=NotStarted}
{"logTime": "1027/185620", "correlationVector":"bsJJeWD1rQDTPlbMfro3zu.1","action":"SyncServerConnectionManagerRequest", "result":"SYNC_SERVER_OK", "context":{"environment":"Prod_southindia_prod-s01-004-apac-southindia", "migrationStage":"NotStarted", "server":"akswtt02100001f"}}
{"logTime": "1027/185620", "correlationVector":"bsJJeWD1rQDTPlbMfro3zu.2","action":"ProcessGetUpdates", "result":"Done", "context":{"dataType":"Encryption Keys", "deleted":"0", "process_failed_to_decrypt":"0", "process_pending_decryption":"0", "process_success":"1", "total":"1"}}
{"logTime": "1027/185621", "correlationVector":"keHKAxb5XhoW+2BW6oM6BU","action":"SyncServerConnectionManagerRequest", "result":"SYNC_SERVER_OK", "context":{"environment":"", "migrationStage":"", "server":""}}
{"logTime": "1027/185621", "correlationVector":"keHKAxb5XhoW+2BW6oM6BU.0","action":"EncryptionKeysFetcher.DownloadKeys:", "result":"Success", "context":Key count: 8, Last key timestamp: 2025-06-30T08:40:19Z}
{"logTime": "1027/185621", "correlationVector":"keHKAxb5XhoW+2BW6oM6BU.1","action":"EncryptionKeysManager::SetEncryptionKeys:", "result":"Success", "context":Key names[8]:[DsO54TBoa9T6tCTv/qCEx/N2lEQQjlen6OSoaY3c4KS1HBJhafYQVUxoYxfeySvNz/uU8T8MLJBSqNKwYYTevA==][ZfNHFIB8Ab/7L2cZ/R81X4GpILtRDCFXsidn9qnv20z6/f/uD9GwAp4W4xREzyfcdehzCP/dcwM46/FDVD6L0g==][0bUSnfmWfvyYbaGbVPEOsV7ZFfL/mn3QYd6PnuWwAcznVk/uzOzJueYB/rb3U0P3OgYHbABEfOsjxGm1fowUTg==][XKdjbwc4MzVtX3XD823S0DhLwfFkmDIIaW2J0xHpODVZaNaSppps1+TWN5o2pKWzfnwcMRCENXeLv72/pkUIoA==][kLxUgPVF2SSOMSABeO7HBUqqx1IGgg+8KCnvCRSl/7jtpvjE1ZnKc7PnRaRg/xv/jT7J4aBBGpdOYyp2ousTWw==][CNBzJudu2SFgDCQVsrji9dbEiN7ZvDw9vZ/J8I1dg8bNIrv1zyZS5IQRXBFvcw5hf3cHPYR1a/T+A9i+CAmY/g==][wc4CEPgM/xqfAIK8JbNLENJ/El42fdNGMfSutHUhsEQdVCHckV3Ww6wdySxOkCCVhlcn++OERirDmDFFVZ0M1g==][vsHhJ0mXNyV94fQdEyYLBeIZiuA8Kh8j7Nd5E4VUp8NY2Nhay3YmZyJCfpI76w0+ud0U0ipP0iJnamswdFeZjw==]}
{"logTime": "1027/185621", "correlationVector":"keHKAxb5XhoW+2BW6oM6BU.2","action":"EncryptionKeysManager::SetEncryptionKeysWithTimestamps:", "result":"Success", "context":Key timestamps[8]:[2022-01-10T20:54:40Z][2022-07-15T23:04:58Z][2023-01-30T20:10:24Z][2023-08-13T21:46:44Z][2024-02-14T22:10:34Z][2024-08-13T17:18:42Z][2024-12-29T20:25:57Z][2025-06-30T08:40:19Z]}
{"logTime": "1027/185621", "correlationVector":"bsJJeWD1rQDTPlbMfro3zu","action":"Initial GetUpdates", "result":"", "context":Reason: NEW_CLIENT. cV=bsJJeWD1rQDTPlbMfro3zu}
{"logTime": "1027/185621", "correlationVector":"bsJJeWD1rQDTPlbMfro3zu.3","action":"GetUpdates Response", "result":"Success", "context":Received 1 update(s). cV=bsJJeWD1rQDTPlbMfro3zu.0;server=akswtt02100001f;cloudType=Consumer;environment=Prod_southindia_prod-s01-004-apac-southindia;migrationStage=NotStarted}
{"logTime": "1027/185621", "correlationVector":"ctuuyEfTy2vikv4cenI3p+","action":"Initial GetUpdates", "result":"", "context":Reason: NEWLY_SUPPORTED_DATATYPE. cV=ctuuyEfTy2vikv4cenI3p+}
{"logTime": "1027/185621", "correlationVector":"ctuuyEfTy2vikv4cenI3p+.1","action":"SyncServerConnectionManagerRequest", "result":"SYNC_SERVER_OK", "context":{"environment":"Prod_southindia_prod-s01-004-apac-southindia", "migrationStage":"NotStarted", "server":"akswtt02100001v"}}
{"logTime": "1027/185621", "correlationVector":"ctuuyEfTy2vikv4cenI3p+.2","action":"ProcessGetUpdates", "result":"Done", "context":{"dataType":"Passwords", "deleted":"0", "process_failed_to_decrypt":"0", "process_pending_decryption":"0", "process_success":"42", "total":"42"}}
{"logTime": "1027/185621", "correlationVector":"ctuuyEfTy2vikv4cenI3p+.3","action":"GetUpdates Response", "result":"Success", "context":Received 42 update(s). cV=ctuuyEfTy2vikv4cenI3p+.0;server=akswtt02100001v;cloudType=Consumer;environment=Prod_southindia_prod-s01-004-apac-southindia;migrationStage=NotStarted}
{"logTime": "1027/185621", "correlationVector":"BV57L4EJykZwnGWQ0qTsEP","action":"Normal GetUpdate request", "result":"", "context":cV=BV57L4EJykZwnGWQ0qTsEP
Nudged types: Sessions, Device Info, History
Refresh requested types: Bookmarks, Preferences, Passwords, Autofill Profiles, Autofill, Extensions, Sessions, Extension settings, History Delete Directives, Device Info, User Consents, Send Tab To Self, Web Apps, History, Saved Tab Group, WebAuthn Credentials, Collection, Edge E Drop, Edge Hub App Usage, Edge Wallet, Encryption Keys}
{"logTime": "1027/185622", "correlationVector":"BV57L4EJykZwnGWQ0qTsEP.1","action":"SyncServerConnectionManagerRequest", "result":"SYNC_SERVER_OK", "context":{"environment":"Prod_southindia_prod-s01-004-apac-southindia", "migrationStage":"NotStarted", "server":"akswtt02100001c"}}
{"logTime": "1027/185622", "correlationVector":"BV57L4EJykZwnGWQ0qTsEP.2","action":"ProcessGetUpdates", "result":"Done", "context":{"dataType":"Sessions", "deleted":"0", "process_failed_to_decrypt":"0", "process_pending_decryption":"0", "process_success":"1", "total":"1"}}
{"logTime": "1027/185622", "correlationVector":"BV57L4EJykZwnGWQ0qTsEP.3","action":"ProcessGetUpdates", "result":"Done", "context":{"dataType":"Device Info", "deleted":"0", "process_failed_to_decrypt":"0", "process_pending_decryption":"0", "process_success":"1", "total":"1"}}
{"logTime": "1027/185622", "correlationVector":"BV57L4EJykZwnGWQ0qTsEP.4","action":"GetUpdates Response", "result":"Success", "context":Received 2 update(s). cV=BV57L4EJykZwnGWQ0qTsEP.0;server=akswtt02100001c;cloudType=Consumer;environment=Prod_southindia_prod-s01-004-apac-southindia;migrationStage=NotStarted}
{"logTime": "1027/185622", "correlationVector":"b+PQMqxrsmV5jhMU9fsDIV","action":"Commit Request", "result":"", "context":Item count: 5
Contributing types: Sessions, Device Info, History}
{"logTime": "1027/185623", "correlationVector":"b+PQMqxrsmV5jhMU9fsDIV.1","action":"SyncServerConnectionManagerRequest", "result":"SYNC_SERVER_OK", "context":{"environment":"Prod_southindia_prod-s01-004-apac-southindia", "migrationStage":"NotStarted", "server":"akswtt02100001b"}}
{"logTime": "1027/185623", "correlationVector":"b+PQMqxrsmV5jhMU9fsDIV.3","action":"Commit.Sessions", "result":"Success", "context":{"id":"0507006b-78e7-48ba-979f-416e1c3c811d", "isDeleted":"true", "size":"0", "version":"1761586411862"}}
{"logTime": "1027/185623", "correlationVector":"b+PQMqxrsmV5jhMU9fsDIV.2","action":"Commit Response", "result":"Success", "context":Result: Success. cV=b+PQMqxrsmV5jhMU9fsDIV.0;server=akswtt02100001b;cloudType=Consumer;environment=Prod_southindia_prod-s01-004-apac-southindia;migrationStage=NotStarted}
{"logTime": "1027/185627", "correlationVector":"xzOgLauplwAtDeHVDdzeCL","action":"Commit Request", "result":"", "context":Item count: 4
Contributing types: Sessions, Device Info, History, Edge Hub App Usage}
{"logTime": "1027/185629", "correlationVector":"xzOgLauplwAtDeHVDdzeCL.1","action":"SyncServerConnectionManagerRequest", "result":"SYNC_SERVER_OK", "context":{"environment":"Prod_southindia_prod-s01-004-apac-southindia", "migrationStage":"NotStarted", "server":"akswtt02100001w"}}
{"logTime": "1027/185629", "correlationVector":"xzOgLauplwAtDeHVDdzeCL.2","action":"Commit Response", "result":"Success", "context":Result: Success. cV=xzOgLauplwAtDeHVDdzeCL.0;server=akswtt02100001w;cloudType=Consumer;environment=Prod_southindia_prod-s01-004-apac-southindia;migrationStage=NotStarted}
{"logTime": "1027/185629", "correlationVector":"xzOgLauplwAtDeHVDdzeCL.3","action":"Commit.Edge Hub App Usage", "result":"Success", "context":{"id":"7cadcfdd-80c5-487b-8693-d14094201680", "isDeleted":"true", "size":"0", "version":"1753722220574"}}
{"logTime": "1027/185630", "correlationVector":"gI7CAnMf4nqDDxbUU1V/J/","action":"Commit Request", "result":"", "context":Item count: 39
Contributing types: Preferences, Passwords}
{"logTime": "1027/185634", "correlationVector":"gI7CAnMf4nqDDxbUU1V/J/.1","action":"SyncServerConnectionManagerRequest", "result":"SYNC_SERVER_OK", "context":{"environment":"Prod_southindia_prod-s01-004-apac-southindia", "migrationStage":"NotStarted", "server":"akswtt02100001f"}}
{"logTime": "1027/185634", "correlationVector":"gI7CAnMf4nqDDxbUU1V/J/.2","action":"Commit Response", "result":"Success", "context":Result: Success. cV=gI7CAnMf4nqDDxbUU1V/J/.0;server=akswtt02100001f;cloudType=Consumer;environment=Prod_southindia_prod-s01-004-apac-southindia;migrationStage=NotStarted}
{"logTime": "1027/185649", "correlationVector":"TATBIPSvZbBeRS3J4irSGw","action":"Commit Request", "result":"", "context":Item count: 1
Contributing types: Preferences}
{"logTime": "1027/185649", "correlationVector":"TATBIPSvZbBeRS3J4irSGw.1","action":"SyncServerConnectionManagerRequest", "result":"SYNC_SERVER_OK", "context":{"environment":"Prod_southindia_prod-s01-004-apac-southindia", "migrationStage":"NotStarted", "server":"akswtt02100000o"}}
{"logTime": "1027/185649", "correlationVector":"TATBIPSvZbBeRS3J4irSGw.2","action":"Commit Response", "result":"Success", "context":Result: Success. cV=TATBIPSvZbBeRS3J4irSGw.0;server=akswtt02100000o;cloudType=Consumer;environment=Prod_southindia_prod-s01-004-apac-southindia;migrationStage=NotStarted}
{"logTime": "1027/185830", "correlationVector":"mFtYYD2GTK1KYLsFyqk+kG","action":"Commit Request", "result":"", "context":Item count: 3
Contributing types: Sessions, History}
{"logTime": "1027/185830", "correlationVector":"mFtYYD2GTK1KYLsFyqk+kG.1","action":"SyncServerConnectionManagerRequest", "result":"SYNC_SERVER_OK", "context":{"environment":"Prod_southindia_prod-s01-004-apac-southindia", "migrationStage":"NotStarted", "server":"akswtt021000001"}}
{"logTime": "1027/185830", "correlationVector":"mFtYYD2GTK1KYLsFyqk+kG.2","action":"Commit Response", "result":"Success", "context":Result: Success. cV=mFtYYD2GTK1KYLsFyqk+kG.0;server=akswtt021000001;cloudType=Consumer;environment=Prod_southindia_prod-s01-004-apac-southindia;migrationStage=NotStarted}
{"logTime": "1027/190229", "correlationVector":"j8yvGu/jtx5j1qx6dkwoM5","action":"Commit Request", "result":"", "context":Item count: 3
Contributing types: Sessions, History}
{"logTime": "1027/190230", "correlationVector":"j8yvGu/jtx5j1qx6dkwoM5.1","action":"SyncServerConnectionManagerRequest", "result":"SYNC_SERVER_OK", "context":{"environment":"Prod_southindia_prod-s01-004-apac-southindia", "migrationStage":"NotStarted", "server":"akswtt02100000v"}}
{"logTime": "1027/190230", "correlationVector":"j8yvGu/jtx5j1qx6dkwoM5.2","action":"Commit Response", "result":"Success", "context":Result: Success. cV=j8yvGu/jtx5j1qx6dkwoM5.0;server=akswtt02100000v;cloudType=Consumer;environment=Prod_southindia_prod-s01-004-apac-southindia;migrationStage=NotStarted}
{"logTime": "1027/190842", "correlationVector":"qXESBv1qL0GhMfqjb3hWfZ","action":"Commit Request", "result":"", "context":Item count: 3
Contributing types: Sessions, History}
{"logTime": "1027/190843", "correlationVector":"qXESBv1qL0GhMfqjb3hWfZ.1","action":"SyncServerConnectionManagerRequest", "result":"SYNC_SERVER_OK", "context":{"environment":"Prod_southeastasia_prod-s01-064-apac-southeastasia", "migrationStage":"NotStarted", "server":"akswtt10600000l"}}
{"logTime": "1027/190843", "correlationVector":"qXESBv1qL0GhMfqjb3hWfZ.2","action":"Commit Response", "result":"Success", "context":Result: Success. cV=qXESBv1qL0GhMfqjb3hWfZ.0;server=akswtt10600000l;cloudType=Consumer;environment=Prod_southeastasia_prod-s01-064-apac-southeastasia;migrationStage=NotStarted}
{"logTime": "1027/191121", "correlationVector":"OhTac55BFrzI9aGUKGr/hU","action":"Commit Request", "result":"", "context":Item count: 3
Contributing types: Sessions, History}
{"logTime": "1027/191123", "correlationVector":"OhTac55BFrzI9aGUKGr/hU.1","action":"SyncServerConnectionManagerRequest", "result":"SYNC_SERVER_OK", "context":{"environment":"Prod_southindia_prod-s01-004-apac-southindia", "migrationStage":"NotStarted", "server":"akswtt02100002f"}}
{"logTime": "1027/191123", "correlationVector":"OhTac55BFrzI9aGUKGr/hU.2","action":"Commit Response", "result":"Success", "context":Result: Success. cV=OhTac55BFrzI9aGUKGr/hU.0;server=akswtt02100002f;cloudType=Consumer;environment=Prod_southindia_prod-s01-004-apac-southindia;migrationStage=NotStarted}
{"logTime": "1028/055305", "correlationVector":"dI17r863rKJE/7mt8QCZbN","action":"Poll GetUpdate request", "result":"", "context":cV=dI17r863rKJE/7mt8QCZbN}
{"logTime": "1028/055305", "correlationVector":"dI17r863rKJE/7mt8QCZbN","action":"SyncServerConnectionManagerRequest", "result":"CONNECTION_UNAVAILABLE", "context":{"error_type":"net_error_code", "error_value":"-105"}}
{"logTime": "1028/055305", "correlationVector":"AomEut+eNMR0vm63kmeyJu.0","action":"GetUpdates Response", "result":"Network error (ERR_NAME_NOT_RESOLVED)", "context":Received error: Network error (ERR_NAME_NOT_RESOLVED). }
{"logTime": "1028/061140", "correlationVector":"Wvu2OMRmixlkroNh7vB8IA","action":"Poll GetUpdate request", "result":"", "context":cV=Wvu2OMRmixlkroNh7vB8IA}
{"logTime": "1028/061140", "correlationVector":"Wvu2OMRmixlkroNh7vB8IA","action":"SyncServerConnectionManagerRequest", "result":"CONNECTION_UNAVAILABLE", "context":{"error_type":"net_error_code", "error_value":"-21"}}
{"logTime": "1028/061140", "correlationVector":"FaNpEyCkQTPaDFm1Wh75Mz.0","action":"GetUpdates Response", "result":"Network error (ERR_NETWORK_CHANGED)", "context":Received error: Network error (ERR_NETWORK_CHANGED). }
{"logTime": "1028/193654", "correlationVector":"1gTPh9omhTUukRi+mz4bja","action":"Poll GetUpdate request", "result":"", "context":cV=1gTPh9omhTUukRi+mz4bja}
{"logTime": "1028/193657", "correlationVector":"1gTPh9omhTUukRi+mz4bja.1","action":"SyncServerConnectionManagerRequest", "result":"SYNC_AUTH_ERROR", "context":{"environment":"Prod_southindia_prod-s01-004-apac-southindia", "migrationStage":"NotStarted", "server":"akswtt02100001w"}}
{"logTime": "1028/193657", "correlationVector":"1gTPh9omhTUukRi+mz4bja.2","action":"GetUpdates Response", "result":"HTTP error (401)", "context":Received error: HTTP error (401). cV=1gTPh9omhTUukRi+mz4bja.0;server=akswtt02100001w;cloudType=Undetermined;environment=Prod_southindia_prod-s01-004-apac-southindia;migrationStage=NotStarted}
{"logTime": "1028/193658", "correlationVector":"1gTPh9omhTUukRi+mz4bja.3","action":"SyncServerConnectionManagerRequest", "result":"SYNC_SERVER_ERROR", "context":{"environment":"", "error_type":"http_status_code", "error_value":"400", "migrationStage":"", "server":""}}
{"logTime": "1028/193701", "correlationVector":"LYd5Cs3H6DV51PzhC+dvse","action":"Commit Request", "result":"", "context":Item count: 2
Contributing types: Sessions, Device Info}
{"logTime": "1028/193703", "correlationVector":"LYd5Cs3H6DV51PzhC+dvse.1","action":"SyncServerConnectionManagerRequest", "result":"SYNC_SERVER_OK", "context":{"environment":"Prod_southindia_prod-s01-004-apac-southindia", "migrationStage":"NotStarted", "server":"akswtt021000003"}}
{"logTime": "1028/193703", "correlationVector":"LYd5Cs3H6DV51PzhC+dvse.2","action":"Commit Response", "result":"Success", "context":Result: Success. cV=LYd5Cs3H6DV51PzhC+dvse.0;server=akswtt021000003;cloudType=Consumer;environment=Prod_southindia_prod-s01-004-apac-southindia;migrationStage=NotStarted}
{"logTime": "1028/193703", "correlationVector":"MS0Un9OeW4ciOWiQIp8QHf","action":"ValidateEncryptionKeys", "result":"No old key", "context":Passwords[42]: Type key is OK}
{"logTime": "1028/193703", "correlationVector":"MS0Un9OeW4ciOWiQIp8QHf.0","action":"ValidateEncryptionKeys", "result":"No old key", "context":Autofill Profiles[0]: Type key is OK}
{"logTime": "1028/193703", "correlationVector":"MS0Un9OeW4ciOWiQIp8QHf.1","action":"ValidateEncryptionKeys", "result":"No old key", "context":Autofill[1]: Type key is OK}
{"logTime": "1028/193703", "correlationVector":"MS0Un9OeW4ciOWiQIp8QHf.2","action":"ValidateEncryptionKeys", "result":"No mitigation", "context":Nigori: [vsHhJ0mXNyV94fQdEyYLBeIZiuA8Kh8j7Nd5E4VUp8NY2Nhay3YmZyJCfpI76w0+ud0U0ipP0iJnamswdFeZjw==:1751272822314]}
{"logTime": "1028/193703", "correlationVector":"b1Ly6ggDjzG+L9xahCKLCM","action":"Poll GetUpdate request", "result":"", "context":cV=b1Ly6ggDjzG+L9xahCKLCM}
{"logTime": "1028/193704", "correlationVector":"b1Ly6ggDjzG+L9xahCKLCM.1","action":"SyncServerConnectionManagerRequest", "result":"SYNC_SERVER_OK", "context":{"environment":"Prod_southindia_prod-s01-004-apac-southindia", "migrationStage":"NotStarted", "server":"akswtt02100000z"}}
{"logTime": "1028/193704", "correlationVector":"b1Ly6ggDjzG+L9xahCKLCM.2","action":"ProcessGetUpdates", "result":"Done", "context":{"dataType":"Preferences", "deleted":"0", "process_failed_to_decrypt":"0", "process_pending_decryption":"0", "process_success":"2", "total":"2"}}
{"logTime": "1028/193704", "correlationVector":"b1Ly6ggDjzG+L9xahCKLCM.3","action":"ProcessGetUpdates", "result":"Done", "context":{"dataType":"Passwords", "deleted":"0", "process_failed_to_decrypt":"0", "process_pending_decryption":"0", "process_success":"38", "total":"38"}}
{"logTime": "1028/193704", "correlationVector":"b1Ly6ggDjzG+L9xahCKLCM.4","action":"ProcessGetUpdates", "result":"Done", "context":{"dataType":"Sessions", "deleted":"1", "process_failed_to_decrypt":"0", "process_pending_decryption":"0", "process_success":"3", "total":"3"}}
{"logTime": "1028/193704", "correlationVector":"b1Ly6ggDjzG+L9xahCKLCM.5","action":"ProcessGetUpdates", "result":"Done", "context":{"dataType":"Device Info", "deleted":"0", "process_failed_to_decrypt":"0", "process_pending_decryption":"0", "process_success":"1", "total":"1"}}
{"logTime": "1028/193704", "correlationVector":"b1Ly6ggDjzG+L9xahCKLCM.6","action":"ProcessGetUpdates", "result":"Done", "context":{"dataType":"History", "deleted":"0", "process_failed_to_decrypt":"0", "process_pending_decryption":"0", "process_success":"6", "total":"6"}}
{"logTime": "1028/193704", "correlationVector":"b1Ly6ggDjzG+L9xahCKLCM.7","action":"ProcessGetUpdates", "result":"Done", "context":{"dataType":"Edge Hub App Usage", "deleted":"1", "process_failed_to_decrypt":"0", "process_pending_decryption":"0", "process_success":"1", "total":"1"}}
{"logTime": "1028/193704", "correlationVector":"b1Ly6ggDjzG+L9xahCKLCM.8","action":"GetUpdates Response", "result":"Success", "context":Received 51 update(s). cV=b1Ly6ggDjzG+L9xahCKLCM.0;server=akswtt02100000z;cloudType=Consumer;environment=Prod_southindia_prod-s01-004-apac-southindia;migrationStage=NotStarted}
{"logTime": "1028/193704", "correlationVector":"riVvNr8/29URbQ9P9K11do","action":"SyncServerConnectionManagerRequest", "result":"SYNC_SERVER_OK", "context":{"environment":"", "migrationStage":"", "server":""}}
{"logTime": "1028/193704", "correlationVector":"riVvNr8/29URbQ9P9K11do.0","action":"EncryptionKeysFetcher.DownloadKeys:", "result":"Success", "context":Key count: 8, Last key timestamp: 2025-06-30T08:40:19Z}
{"logTime": "1028/193704", "correlationVector":"riVvNr8/29URbQ9P9K11do.1","action":"EncryptionKeysManager::SetEncryptionKeys:", "result":"Success", "context":Key names[8]:[DsO54TBoa9T6tCTv/qCEx/N2lEQQjlen6OSoaY3c4KS1HBJhafYQVUxoYxfeySvNz/uU8T8MLJBSqNKwYYTevA==][ZfNHFIB8Ab/7L2cZ/R81X4GpILtRDCFXsidn9qnv20z6/f/uD9GwAp4W4xREzyfcdehzCP/dcwM46/FDVD6L0g==][0bUSnfmWfvyYbaGbVPEOsV7ZFfL/mn3QYd6PnuWwAcznVk/uzOzJueYB/rb3U0P3OgYHbABEfOsjxGm1fowUTg==][XKdjbwc4MzVtX3XD823S0DhLwfFkmDIIaW2J0xHpODVZaNaSppps1+TWN5o2pKWzfnwcMRCENXeLv72/pkUIoA==][kLxUgPVF2SSOMSABeO7HBUqqx1IGgg+8KCnvCRSl/7jtpvjE1ZnKc7PnRaRg/xv/jT7J4aBBGpdOYyp2ousTWw==][CNBzJudu2SFgDCQVsrji9dbEiN7ZvDw9vZ/J8I1dg8bNIrv1zyZS5IQRXBFvcw5hf3cHPYR1a/T+A9i+CAmY/g==][wc4CEPgM/xqfAIK8JbNLENJ/El42fdNGMfSutHUhsEQdVCHckV3Ww6wdySxOkCCVhlcn++OERirDmDFFVZ0M1g==][vsHhJ0mXNyV94fQdEyYLBeIZiuA8Kh8j7Nd5E4VUp8NY2Nhay3YmZyJCfpI76w0+ud0U0ipP0iJnamswdFeZjw==]}
{"logTime": "1028/193704", "correlationVector":"riVvNr8/29URbQ9P9K11do.2","action":"EncryptionKeysManager::SetEncryptionKeysWithTimestamps:", "result":"Success", "context":Key timestamps[8]:[2022-01-10T20:54:40Z][2022-07-15T23:04:58Z][2023-01-30T20:10:24Z][2023-08-13T21:46:44Z][2024-02-14T22:10:34Z][2024-08-13T17:18:42Z][2024-12-29T20:25:57Z][2025-06-30T08:40:19Z]}
{"logTime": "1028/193714", "correlationVector":"JCEH/AMiVExaOb2lbOoK/O","action":"Commit Request", "result":"", "context":Item count: 1
Contributing types: Device Info}
{"logTime": "1028/193715", "correlationVector":"JCEH/AMiVExaOb2lbOoK/O.1","action":"SyncServerConnectionManagerRequest", "result":"SYNC_SERVER_OK", "context":{"environment":"Prod_southindia_prod-s01-004-apac-southindia", "migrationStage":"NotStarted", "server":"akswtt02100001l"}}
{"logTime": "1028/193715", "correlationVector":"JCEH/AMiVExaOb2lbOoK/O.2","action":"Commit Response", "result":"Success", "context":Result: Success. cV=JCEH/AMiVExaOb2lbOoK/O.0;server=akswtt02100001l;cloudType=Consumer;environment=Prod_southindia_prod-s01-004-apac-southindia;migrationStage=NotStarted}
{"logTime": "1028/193716", "correlationVector":"oaOrGTsS854Dbi8Oe2K4jh","action":"Commit Request", "result":"", "context":Item count: 1
Contributing types: Device Info}
{"logTime": "1028/193717", "correlationVector":"oaOrGTsS854Dbi8Oe2K4jh.1","action":"SyncServerConnectionManagerRequest", "result":"SYNC_SERVER_OK", "context":{"environment":"Prod_southindia_prod-s01-004-apac-southindia", "migrationStage":"NotStarted", "server":"akswtt021000027"}}
{"logTime": "1028/193717", "correlationVector":"oaOrGTsS854Dbi8Oe2K4jh.2","action":"Commit Response", "result":"Success", "context":Result: Success. cV=oaOrGTsS854Dbi8Oe2K4jh.0;server=akswtt021000027;cloudType=Consumer;environment=Prod_southindia_prod-s01-004-apac-southindia;migrationStage=NotStarted}
{"logTime": "1029/132949", "correlationVector":"t7FabTsvDSUvrthB6k6Ici","action":"Poll GetUpdate request", "result":"", "context":cV=t7FabTsvDSUvrthB6k6Ici}
{"logTime": "1029/132949", "correlationVector":"t7FabTsvDSUvrthB6k6Ici","action":"SyncServerConnectionManagerRequest", "result":"CONNECTION_UNAVAILABLE", "context":{"error_type":"net_error_code", "error_value":"-105"}}
{"logTime": "1029/132949", "correlationVector":"HOdKfK3mCtcplTfQQtkK38.0","action":"GetUpdates Response", "result":"Network error (ERR_NAME_NOT_RESOLVED)", "context":Received error: Network error (ERR_NAME_NOT_RESOLVED). }
{"logTime": "1029/132951", "correlationVector":"sNTsz0qcQB4LfluP5LOJgt","action":"Commit Request", "result":"", "context":Item count: 1
Contributing types: Sessions}
{"logTime": "1029/132954", "correlationVector":"sNTsz0qcQB4LfluP5LOJgt.1","action":"SyncServerConnectionManagerRequest", "result":"SYNC_AUTH_ERROR", "context":{"environment":"Prod_southindia_prod-s01-004-apac-southindia", "migrationStage":"NotStarted", "server":"akswtt02100000u"}}
{"logTime": "1029/132954", "correlationVector":"sNTsz0qcQB4LfluP5LOJgt.2","action":"Commit Response", "result":"HTTP error (401)", "context":Result: HTTP error (401). cV=sNTsz0qcQB4LfluP5LOJgt.0;server=akswtt02100000u;cloudType=Undetermined;environment=Prod_southindia_prod-s01-004-apac-southindia;migrationStage=NotStarted}
{"logTime": "1029/132957", "correlationVector":"Ll06y0+R3IQcXJtPyKSKgL","action":"Commit Request", "result":"", "context":Item count: 1
Contributing types: Sessions}
{"logTime": "1029/132958", "correlationVector":"Ll06y0+R3IQcXJtPyKSKgL.1","action":"SyncServerConnectionManagerRequest", "result":"SYNC_SERVER_OK", "context":{"environment":"Prod_southindia_prod-s01-004-apac-southindia", "migrationStage":"NotStarted", "server":"akswtt02100002o"}}
{"logTime": "1029/132958", "correlationVector":"Ll06y0+R3IQcXJtPyKSKgL.2","action":"Commit Response", "result":"Success", "context":Result: Success. cV=Ll06y0+R3IQcXJtPyKSKgL.0;server=akswtt02100002o;cloudType=Consumer;environment=Prod_southindia_prod-s01-004-apac-southindia;migrationStage=NotStarted}
{"logTime": "1029/132958", "correlationVector":"iU7BkG4IDZsoLdj76rIeX4","action":"Poll GetUpdate request", "result":"", "context":cV=iU7BkG4IDZsoLdj76rIeX4}
{"logTime": "1029/132958", "correlationVector":"iU7BkG4IDZsoLdj76rIeX4.1","action":"SyncServerConnectionManagerRequest", "result":"SYNC_SERVER_OK", "context":{"environment":"Prod_southindia_prod-s01-004-apac-southindia", "migrationStage":"NotStarted", "server":"akswtt021000005"}}
{"logTime": "1029/132958", "correlationVector":"iU7BkG4IDZsoLdj76rIeX4.2","action":"ProcessGetUpdates", "result":"Done", "context":{"dataType":"Sessions", "deleted":"0", "process_failed_to_decrypt":"0", "process_pending_decryption":"0", "process_success":"1", "total":"1"}}
{"logTime": "1029/132958", "correlationVector":"iU7BkG4IDZsoLdj76rIeX4.3","action":"ProcessGetUpdates", "result":"Done", "context":{"dataType":"Device Info", "deleted":"0", "process_failed_to_decrypt":"0", "process_pending_decryption":"0", "process_success":"1", "total":"1"}}
{"logTime": "1029/132958", "correlationVector":"iU7BkG4IDZsoLdj76rIeX4.4","action":"GetUpdates Response", "result":"Success", "context":Received 2 update(s). cV=iU7BkG4IDZsoLdj76rIeX4.0;server=akswtt021000005;cloudType=Consumer;environment=Prod_southindia_prod-s01-004-apac-southindia;migrationStage=NotStarted}
{"logTime": "1124/204615", "correlationVector":"whmxlLdbH7CGncIu0HV8LA.1","action":"SyncServerConnectionManagerRequest", "result":"SYNC_SERVER_OK", "context":{"environment":"Prod_southindia_prod-s01-004-apac-southindia", "migrationStage":"NotStarted", "server":"akswtt023000028"}}
{"logTime": "1124/204615", "correlationVector":"whmxlLdbH7CGncIu0HV8LA.2","action":"ProcessGetUpdates", "result":"Done", "context":{"dataType":"Encryption Keys", "deleted":"0", "process_failed_to_decrypt":"0", "process_pending_decryption":"0", "process_success":"1", "total":"1"}}
{"logTime": "1124/204615", "correlationVector":"/q+T3ebuFJoMhL1he59ajj","action":"ValidateEncryptionKeys", "result":"No mitigation", "context":Nigori: [:1751272822314]}
{"logTime": "1124/204616", "correlationVector":"/q+T3ebuFJoMhL1he59ajj.0","action":"SyncServerConnectionManagerRequest", "result":"SYNC_SERVER_OK", "context":{"environment":"", "migrationStage":"", "server":""}}
{"logTime": "1124/204616", "correlationVector":"/q+T3ebuFJoMhL1he59ajj.1","action":"EncryptionKeysFetcher.DownloadKeys:", "result":"Success", "context":Key count: 8, Last key timestamp: 2025-06-30T08:40:19Z}
{"logTime": "1124/204616", "correlationVector":"/q+T3ebuFJoMhL1he59ajj.2","action":"EncryptionKeysManager::SetEncryptionKeys:", "result":"Success", "context":Key names[8]:[DsO54TBoa9T6tCTv/qCEx/N2lEQQjlen6OSoaY3c4KS1HBJhafYQVUxoYxfeySvNz/uU8T8MLJBSqNKwYYTevA==][ZfNHFIB8Ab/7L2cZ/R81X4GpILtRDCFXsidn9qnv20z6/f/uD9GwAp4W4xREzyfcdehzCP/dcwM46/FDVD6L0g==][0bUSnfmWfvyYbaGbVPEOsV7ZFfL/mn3QYd6PnuWwAcznVk/uzOzJueYB/rb3U0P3OgYHbABEfOsjxGm1fowUTg==][XKdjbwc4MzVtX3XD823S0DhLwfFkmDIIaW2J0xHpODVZaNaSppps1+TWN5o2pKWzfnwcMRCENXeLv72/pkUIoA==][kLxUgPVF2SSOMSABeO7HBUqqx1IGgg+8KCnvCRSl/7jtpvjE1ZnKc7PnRaRg/xv/jT7J4aBBGpdOYyp2ousTWw==][CNBzJudu2SFgDCQVsrji9dbEiN7ZvDw9vZ/J8I1dg8bNIrv1zyZS5IQRXBFvcw5hf3cHPYR1a/T+A9i+CAmY/g==][wc4CEPgM/xqfAIK8JbNLENJ/El42fdNGMfSutHUhsEQdVCHckV3Ww6wdySxOkCCVhlcn++OERirDmDFFVZ0M1g==][vsHhJ0mXNyV94fQdEyYLBeIZiuA8Kh8j7Nd5E4VUp8NY2Nhay3YmZyJCfpI76w0+ud0U0ipP0iJnamswdFeZjw==]}
{"logTime": "1124/204616", "correlationVector":"/q+T3ebuFJoMhL1he59ajj.3","action":"EncryptionKeysManager::SetEncryptionKeysWithTimestamps:", "result":"Success", "context":Key timestamps[8]:[2022-01-10T20:54:40Z][2022-07-15T23:04:58Z][2023-01-30T20:10:24Z][2023-08-13T21:46:44Z][2024-02-14T22:10:34Z][2024-08-13T17:18:42Z][2024-12-29T20:25:57Z][2025-06-30T08:40:19Z]}
{"logTime": "1124/204616", "correlationVector":"whmxlLdbH7CGncIu0HV8LA","action":"Initial GetUpdates", "result":"", "context":Reason: NEW_CLIENT. cV=whmxlLdbH7CGncIu0HV8LA}
{"logTime": "1124/204616", "correlationVector":"whmxlLdbH7CGncIu0HV8LA.3","action":"GetUpdates Response", "result":"Success", "context":Received 1 update(s). cV=whmxlLdbH7CGncIu0HV8LA.0;server=akswtt023000028;cloudType=Consumer;environment=Prod_southindia_prod-s01-004-apac-southindia;migrationStage=NotStarted}
{"logTime": "1124/204616", "correlationVector":"xwz3hI2tshRbHEOTSb+3vu","action":"Initial GetUpdates", "result":"", "context":Reason: NEWLY_SUPPORTED_DATATYPE. cV=xwz3hI2tshRbHEOTSb+3vu}
{"logTime": "1124/204616", "correlationVector":"xwz3hI2tshRbHEOTSb+3vu.1","action":"SyncServerConnectionManagerRequest", "result":"SYNC_SERVER_OK", "context":{"environment":"Prod_southindia_prod-s01-004-apac-southindia", "migrationStage":"NotStarted", "server":"akswtt02300000n"}}
{"logTime": "1124/204616", "correlationVector":"xwz3hI2tshRbHEOTSb+3vu.2","action":"ProcessGetUpdates", "result":"Done", "context":{"dataType":"Passwords", "deleted":"0", "process_failed_to_decrypt":"0", "process_pending_decryption":"0", "process_success":"42", "total":"42"}}
{"logTime": "1124/204616", "correlationVector":"xwz3hI2tshRbHEOTSb+3vu.3","action":"GetUpdates Response", "result":"Success", "context":Received 42 update(s). cV=xwz3hI2tshRbHEOTSb+3vu.0;server=akswtt02300000n;cloudType=Consumer;environment=Prod_southindia_prod-s01-004-apac-southindia;migrationStage=NotStarted}
{"logTime": "1124/204616", "correlationVector":"L19GsxhAFhfBrCF9fuy5c4","action":"Normal GetUpdate request", "result":"", "context":cV=L19GsxhAFhfBrCF9fuy5c4
Nudged types: Sessions, Device Info, History
Refresh requested types: Bookmarks, Preferences, Passwords, Autofill Profiles, Autofill, Extensions, Sessions, Extension settings, History Delete Directives, Device Info, User Consents, Send Tab To Self, Web Apps, History, Saved Tab Group, WebAuthn Credentials, Collection, Edge E Drop, Edge Hub App Usage, Edge Wallet, Encryption Keys}
{"logTime": "1124/204617", "correlationVector":"L19GsxhAFhfBrCF9fuy5c4.1","action":"SyncServerConnectionManagerRequest", "result":"SYNC_SERVER_OK", "context":{"environment":"Prod_southindia_prod-s01-004-apac-southindia", "migrationStage":"NotStarted", "server":"akswtt023000013"}}
{"logTime": "1124/204617", "correlationVector":"L19GsxhAFhfBrCF9fuy5c4.2","action":"ProcessGetUpdates", "result":"Done", "context":{"dataType":"Preferences", "deleted":"0", "process_failed_to_decrypt":"0", "process_pending_decryption":"0", "process_success":"3", "total":"3"}}
{"logTime": "1124/204617", "correlationVector":"L19GsxhAFhfBrCF9fuy5c4.3","action":"ProcessGetUpdates", "result":"Done", "context":{"dataType":"Sessions", "deleted":"5", "process_failed_to_decrypt":"0", "process_pending_decryption":"0", "process_success":"9", "total":"9"}}
{"logTime": "1124/204617", "correlationVector":"L19GsxhAFhfBrCF9fuy5c4.4","action":"ProcessGetUpdates", "result":"Done", "context":{"dataType":"Device Info", "deleted":"0", "process_failed_to_decrypt":"0", "process_pending_decryption":"0", "process_success":"2", "total":"2"}}
{"logTime": "1124/204617", "correlationVector":"L19GsxhAFhfBrCF9fuy5c4.5","action":"ProcessGetUpdates", "result":"Done", "context":{"dataType":"History", "deleted":"0", "process_failed_to_decrypt":"0", "process_pending_decryption":"0", "process_success":"10", "total":"10"}}
{"logTime": "1124/204617", "correlationVector":"L19GsxhAFhfBrCF9fuy5c4.6","action":"ProcessGetUpdates", "result":"Done", "context":{"dataType":"Edge Hub App Usage", "deleted":"1", "process_failed_to_decrypt":"0", "process_pending_decryption":"0", "process_success":"2", "total":"2"}}
{"logTime": "1124/204617", "correlationVector":"L19GsxhAFhfBrCF9fuy5c4.7","action":"GetUpdates Response", "result":"Success", "context":Received 26 update(s). cV=L19GsxhAFhfBrCF9fuy5c4.0;server=akswtt023000013;cloudType=Consumer;environment=Prod_southindia_prod-s01-004-apac-southindia;migrationStage=NotStarted}
{"logTime": "1124/204617", "correlationVector":"16LvFaeRywbm9ahk+jueuj","action":"Poll GetUpdate request", "result":"", "context":cV=16LvFaeRywbm9ahk+jueuj}
{"logTime": "1124/204617", "correlationVector":"16LvFaeRywbm9ahk+jueuj.1","action":"SyncServerConnectionManagerRequest", "result":"SYNC_SERVER_OK", "context":{"environment":"Prod_southindia_prod-s01-004-apac-southindia", "migrationStage":"NotStarted", "server":"akswtt02300000n"}}
{"logTime": "1124/204617", "correlationVector":"16LvFaeRywbm9ahk+jueuj.2","action":"GetUpdates Response", "result":"Success", "context":Received 0 update(s). cV=16LvFaeRywbm9ahk+jueuj.0;server=akswtt02300000n;cloudType=Consumer;environment=Prod_southindia_prod-s01-004-apac-southindia;migrationStage=NotStarted}
{"logTime": "1124/204621", "correlationVector":"+5KaNrYNAbGjD+AkDwVatl","action":"Commit Request", "result":"", "context":Item count: 4
Contributing types: Sessions, Device Info, History}
{"logTime": "1124/204622", "correlationVector":"+5KaNrYNAbGjD+AkDwVatl.1","action":"SyncServerConnectionManagerRequest", "result":"SYNC_SERVER_OK", "context":{"environment":"Prod_southindia_prod-s01-004-apac-southindia", "migrationStage":"NotStarted", "server":"akswtt02300001t"}}
{"logTime": "1124/204622", "correlationVector":"+5KaNrYNAbGjD+AkDwVatl.2","action":"Commit Response", "result":"Success", "context":Result: Success. cV=+5KaNrYNAbGjD+AkDwVatl.0;server=akswtt02300001t;cloudType=Consumer;environment=Prod_southindia_prod-s01-004-apac-southindia;migrationStage=NotStarted}
{"logTime": "1124/204625", "correlationVector":"LkliM6Vd7OkiKVdsZmpb8/","action":"Commit Request", "result":"", "context":Item count: 39
Contributing types: Preferences, Passwords}
{"logTime": "1124/204628", "correlationVector":"LkliM6Vd7OkiKVdsZmpb8/.1","action":"SyncServerConnectionManagerRequest", "result":"SYNC_SERVER_OK", "context":{"environment":"Prod_southindia_prod-s01-004-apac-southindia", "migrationStage":"NotStarted", "server":"akswtt02300000n"}}
{"logTime": "1124/204628", "correlationVector":"LkliM6Vd7OkiKVdsZmpb8/.2","action":"Commit Response", "result":"Success", "context":Result: Success. cV=LkliM6Vd7OkiKVdsZmpb8/.0;server=akswtt02300000n;cloudType=Consumer;environment=Prod_southindia_prod-s01-004-apac-southindia;migrationStage=NotStarted}
{"logTime": "1124/204645", "correlationVector":"cJmmw1tMUyqdC1Vv1eZFN3","action":"Commit Request", "result":"", "context":Item count: 1
Contributing types: Preferences}
{"logTime": "1124/204645", "correlationVector":"cJmmw1tMUyqdC1Vv1eZFN3.1","action":"SyncServerConnectionManagerRequest", "result":"SYNC_SERVER_OK", "context":{"environment":"Prod_southindia_prod-s01-004-apac-southindia", "migrationStage":"NotStarted", "server":"akswtt02300001a"}}
{"logTime": "1124/204645", "correlationVector":"cJmmw1tMUyqdC1Vv1eZFN3.2","action":"Commit Response", "result":"Success", "context":Result: Success. cV=cJmmw1tMUyqdC1Vv1eZFN3.0;server=akswtt02300001a;cloudType=Consumer;environment=Prod_southindia_prod-s01-004-apac-southindia;migrationStage=NotStarted}
{"logTime": "1124/204722", "correlationVector":"OpGOrdhSLTAO1zqDdtiuBw","action":"Commit Request", "result":"", "context":Item count: 1
Contributing types: Device Info}
{"logTime": "1124/204723", "correlationVector":"OpGOrdhSLTAO1zqDdtiuBw.1","action":"SyncServerConnectionManagerRequest", "result":"SYNC_SERVER_OK", "context":{"environment":"Prod_southindia_prod-s01-004-apac-southindia", "migrationStage":"NotStarted", "server":"akswtt023000001"}}
{"logTime": "1124/204723", "correlationVector":"OpGOrdhSLTAO1zqDdtiuBw.2","action":"Commit Response", "result":"Success", "context":Result: Success. cV=OpGOrdhSLTAO1zqDdtiuBw.0;server=akswtt023000001;cloudType=Consumer;environment=Prod_southindia_prod-s01-004-apac-southindia;migrationStage=NotStarted}
{"logTime": "1124/205749", "correlationVector":"I/6b4/lYn1wDaioJwjjWUa","action":"Commit Request", "result":"", "context":Item count: 4
Contributing types: Sessions, History}
{"logTime": "1124/205755", "correlationVector":"I/6b4/lYn1wDaioJwjjWUa.1","action":"SyncServerConnectionManagerRequest", "result":"SYNC_SERVER_OK", "context":{"environment":"Prod_southindia_prod-s01-004-apac-southindia", "migrationStage":"NotStarted", "server":"akswtt02300001r"}}
{"logTime": "1124/205755", "correlationVector":"I/6b4/lYn1wDaioJwjjWUa.2","action":"Commit Response", "result":"Success", "context":Result: Success. cV=I/6b4/lYn1wDaioJwjjWUa.0;server=akswtt02300001r;cloudType=Consumer;environment=Prod_southindia_prod-s01-004-apac-southindia;migrationStage=NotStarted}
{"logTime": "1126/213211", "correlationVector":"7guP4jd9pRGFI1YCXthOvd.1","action":"SyncServerConnectionManagerRequest", "result":"SYNC_SERVER_OK", "context":{"environment":"Prod_southindia_prod-s01-004-apac-southindia", "migrationStage":"NotStarted", "server":"akswtt02300000s"}}
{"logTime": "1126/213211", "correlationVector":"7guP4jd9pRGFI1YCXthOvd.2","action":"ProcessGetUpdates", "result":"Done", "context":{"dataType":"Encryption Keys", "deleted":"0", "process_failed_to_decrypt":"0", "process_pending_decryption":"0", "process_success":"1", "total":"1"}}
{"logTime": "1126/213212", "correlationVector":"nhllMROB5Qne2ivmt4QxPx","action":"SyncServerConnectionManagerRequest", "result":"SYNC_SERVER_OK", "context":{"environment":"", "migrationStage":"", "server":""}}
{"logTime": "1126/213212", "correlationVector":"nhllMROB5Qne2ivmt4QxPx.0","action":"EncryptionKeysFetcher.DownloadKeys:", "result":"Success", "context":Key count: 8, Last key timestamp: 2025-06-30T08:40:19Z}
{"logTime": "1126/213212", "correlationVector":"nhllMROB5Qne2ivmt4QxPx.1","action":"EncryptionKeysManager::SetEncryptionKeys:", "result":"Success", "context":Key names[8]:[DsO54TBoa9T6tCTv/qCEx/N2lEQQjlen6OSoaY3c4KS1HBJhafYQVUxoYxfeySvNz/uU8T8MLJBSqNKwYYTevA==][ZfNHFIB8Ab/7L2cZ/R81X4GpILtRDCFXsidn9qnv20z6/f/uD9GwAp4W4xREzyfcdehzCP/dcwM46/FDVD6L0g==][0bUSnfmWfvyYbaGbVPEOsV7ZFfL/mn3QYd6PnuWwAcznVk/uzOzJueYB/rb3U0P3OgYHbABEfOsjxGm1fowUTg==][XKdjbwc4MzVtX3XD823S0DhLwfFkmDIIaW2J0xHpODVZaNaSppps1+TWN5o2pKWzfnwcMRCENXeLv72/pkUIoA==][kLxUgPVF2SSOMSABeO7HBUqqx1IGgg+8KCnvCRSl/7jtpvjE1ZnKc7PnRaRg/xv/jT7J4aBBGpdOYyp2ousTWw==][CNBzJudu2SFgDCQVsrji9dbEiN7ZvDw9vZ/J8I1dg8bNIrv1zyZS5IQRXBFvcw5hf3cHPYR1a/T+A9i+CAmY/g==][wc4CEPgM/xqfAIK8JbNLENJ/El42fdNGMfSutHUhsEQdVCHckV3Ww6wdySxOkCCVhlcn++OERirDmDFFVZ0M1g==][vsHhJ0mXNyV94fQdEyYLBeIZiuA8Kh8j7Nd5E4VUp8NY2Nhay3YmZyJCfpI76w0+ud0U0ipP0iJnamswdFeZjw==]}
{"logTime": "1126/213212", "correlationVector":"nhllMROB5Qne2ivmt4QxPx.2","action":"EncryptionKeysManager::SetEncryptionKeysWithTimestamps:", "result":"Success", "context":Key timestamps[8]:[2022-01-10T20:54:40Z][2022-07-15T23:04:58Z][2023-01-30T20:10:24Z][2023-08-13T21:46:44Z][2024-02-14T22:10:34Z][2024-08-13T17:18:42Z][2024-12-29T20:25:57Z][2025-06-30T08:40:19Z]}
{"logTime": "1126/213212", "correlationVector":"7guP4jd9pRGFI1YCXthOvd","action":"Initial GetUpdates", "result":"", "context":Reason: NEW_CLIENT. cV=7guP4jd9pRGFI1YCXthOvd}
{"logTime": "1126/213212", "correlationVector":"7guP4jd9pRGFI1YCXthOvd.3","action":"GetUpdates Response", "result":"Success", "context":Received 1 update(s). cV=7guP4jd9pRGFI1YCXthOvd.0;server=akswtt02300000s;cloudType=Consumer;environment=Prod_southindia_prod-s01-004-apac-southindia;migrationStage=NotStarted}
{"logTime": "1126/213212", "correlationVector":"IAUiv2wk6dNdC0KL7msDAe","action":"Initial GetUpdates", "result":"", "context":Reason: NEWLY_SUPPORTED_DATATYPE. cV=IAUiv2wk6dNdC0KL7msDAe}
{"logTime": "1126/213213", "correlationVector":"IAUiv2wk6dNdC0KL7msDAe.1","action":"SyncServerConnectionManagerRequest", "result":"SYNC_SERVER_OK", "context":{"environment":"Prod_southindia_prod-s01-004-apac-southindia", "migrationStage":"NotStarted", "server":"akswtt02300001d"}}
{"logTime": "1126/213213", "correlationVector":"IAUiv2wk6dNdC0KL7msDAe.2","action":"ProcessGetUpdates", "result":"Done", "context":{"dataType":"Passwords", "deleted":"0", "process_failed_to_decrypt":"0", "process_pending_decryption":"0", "process_success":"42", "total":"42"}}
{"logTime": "1126/213213", "correlationVector":"IAUiv2wk6dNdC0KL7msDAe.3","action":"GetUpdates Response", "result":"Success", "context":Received 42 update(s). cV=IAUiv2wk6dNdC0KL7msDAe.0;server=akswtt02300001d;cloudType=Consumer;environment=Prod_southindia_prod-s01-004-apac-southindia;migrationStage=NotStarted}
{"logTime": "1126/213213", "correlationVector":"dPv0UTPkO/lN1r+I5fzTUm","action":"Normal GetUpdate request", "result":"", "context":cV=dPv0UTPkO/lN1r+I5fzTUm
Nudged types: Sessions, Device Info, History
Refresh requested types: Bookmarks, Preferences, Passwords, Autofill Profiles, Autofill, Extensions, Sessions, Extension settings, History Delete Directives, Device Info, User Consents, Send Tab To Self, Web Apps, History, Saved Tab Group, WebAuthn Credentials, Collection, Edge E Drop, Edge Hub App Usage, Edge Wallet, Encryption Keys}
{"logTime": "1126/213213", "correlationVector":"dPv0UTPkO/lN1r+I5fzTUm.1","action":"SyncServerConnectionManagerRequest", "result":"SYNC_SERVER_OK", "context":{"environment":"Prod_southindia_prod-s01-004-apac-southindia", "migrationStage":"NotStarted", "server":"akswtt02300001p"}}
{"logTime": "1126/213213", "correlationVector":"dPv0UTPkO/lN1r+I5fzTUm.2","action":"ProcessGetUpdates", "result":"Done", "context":{"dataType":"Preferences", "deleted":"0", "process_failed_to_decrypt":"0", "process_pending_decryption":"0", "process_success":"2", "total":"2"}}
{"logTime": "1126/213213", "correlationVector":"dPv0UTPkO/lN1r+I5fzTUm.3","action":"ProcessGetUpdates", "result":"Done", "context":{"dataType":"Sessions", "deleted":"0", "process_failed_to_decrypt":"0", "process_pending_decryption":"0", "process_success":"3", "total":"3"}}
{"logTime": "1126/213213", "correlationVector":"dPv0UTPkO/lN1r+I5fzTUm.4","action":"ProcessGetUpdates", "result":"Done", "context":{"dataType":"Device Info", "deleted":"0", "process_failed_to_decrypt":"0", "process_pending_decryption":"0", "process_success":"1", "total":"1"}}
{"logTime": "1126/213213", "correlationVector":"dPv0UTPkO/lN1r+I5fzTUm.5","action":"ProcessGetUpdates", "result":"Done", "context":{"dataType":"History", "deleted":"0", "process_failed_to_decrypt":"0", "process_pending_decryption":"0", "process_success":"9", "total":"9"}}
{"logTime": "1126/213213", "correlationVector":"dPv0UTPkO/lN1r+I5fzTUm.6","action":"GetUpdates Response", "result":"Success", "context":Received 15 update(s). cV=dPv0UTPkO/lN1r+I5fzTUm.0;server=akswtt02300001p;cloudType=Consumer;environment=Prod_southindia_prod-s01-004-apac-southindia;migrationStage=NotStarted}
{"logTime": "1126/213213", "correlationVector":"KXPSzUnCo8tqEl6p9/GPaB","action":"Poll GetUpdate request", "result":"", "context":cV=KXPSzUnCo8tqEl6p9/GPaB}
{"logTime": "1126/213214", "correlationVector":"KXPSzUnCo8tqEl6p9/GPaB.1","action":"SyncServerConnectionManagerRequest", "result":"SYNC_SERVER_OK", "context":{"environment":"Prod_southindia_prod-s01-004-apac-southindia", "migrationStage":"NotStarted", "server":"akswtt02300001g"}}
{"logTime": "1126/213214", "correlationVector":"KXPSzUnCo8tqEl6p9/GPaB.2","action":"GetUpdates Response", "result":"Success", "context":Received 0 update(s). cV=KXPSzUnCo8tqEl6p9/GPaB.0;server=akswtt02300001g;cloudType=Consumer;environment=Prod_southindia_prod-s01-004-apac-southindia;migrationStage=NotStarted}
{"logTime": "1126/213216", "correlationVector":"XPB6nO6ZRz5S8NrZZ4py9/","action":"Commit Request", "result":"", "context":Item count: 4
Contributing types: Sessions, Device Info, History}
{"logTime": "1126/213217", "correlationVector":"XPB6nO6ZRz5S8NrZZ4py9/.1","action":"SyncServerConnectionManagerRequest", "result":"SYNC_SERVER_OK", "context":{"environment":"Prod_southindia_prod-s01-004-apac-southindia", "migrationStage":"NotStarted", "server":"akswtt02300000e"}}
{"logTime": "1126/213217", "correlationVector":"XPB6nO6ZRz5S8NrZZ4py9/.2","action":"Commit Response", "result":"Success", "context":Result: Success. cV=XPB6nO6ZRz5S8NrZZ4py9/.0;server=akswtt02300000e;cloudType=Consumer;environment=Prod_southindia_prod-s01-004-apac-southindia;migrationStage=NotStarted}
{"logTime": "1126/213219", "correlationVector":"H3VeUsdfouRTw38ZLY8Vdn","action":"Commit Request", "result":"", "context":Item count: 39
Contributing types: Preferences, Passwords}
{"logTime": "1126/213222", "correlationVector":"H3VeUsdfouRTw38ZLY8Vdn.1","action":"SyncServerConnectionManagerRequest", "result":"SYNC_SERVER_OK", "context":{"environment":"Prod_southindia_prod-s01-004-apac-southindia", "migrationStage":"NotStarted", "server":"akswtt02300000j"}}
{"logTime": "1126/213222", "correlationVector":"H3VeUsdfouRTw38ZLY8Vdn.2","action":"Commit Response", "result":"Success", "context":Result: Success. cV=H3VeUsdfouRTw38ZLY8Vdn.0;server=akswtt02300000j;cloudType=Consumer;environment=Prod_southindia_prod-s01-004-apac-southindia;migrationStage=NotStarted}
